Archive member included to satisfy reference by file (symbol)

app/libapp.a(main.c.obj)      (--whole-archive)
zephyr/libzephyr.a(timing.c.obj)
                              (--whole-archive)
zephyr/libzephyr.a(cbprintf.c.obj)
                              (--whole-archive)
zephyr/libzephyr.a(cbprintf_packaged.c.obj)
                              (--whole-archive)
zephyr/libzephyr.a(crc32c_sw.c.obj)
                              (--whole-archive)
zephyr/libzephyr.a(crc32_sw.c.obj)
                              (--whole-archive)
zephyr/libzephyr.a(crc16_sw.c.obj)
                              (--whole-archive)
zephyr/libzephyr.a(crc8_sw.c.obj)
                              (--whole-archive)
zephyr/libzephyr.a(crc7_sw.c.obj)
                              (--whole-archive)
zephyr/libzephyr.a(dec.c.obj)
                              (--whole-archive)
zephyr/libzephyr.a(fdtable.c.obj)
                              (--whole-archive)
zephyr/libzephyr.a(hex.c.obj)
                              (--whole-archive)
zephyr/libzephyr.a(notify.c.obj)
                              (--whole-archive)
zephyr/libzephyr.a(printk.c.obj)
                              (--whole-archive)
zephyr/libzephyr.a(onoff.c.obj)
                              (--whole-archive)
zephyr/libzephyr.a(rb.c.obj)  (--whole-archive)
zephyr/libzephyr.a(sem.c.obj)
                              (--whole-archive)
zephyr/libzephyr.a(thread_entry.c.obj)
                              (--whole-archive)
zephyr/libzephyr.a(timeutil.c.obj)
                              (--whole-archive)
zephyr/libzephyr.a(heap.c.obj)
                              (--whole-archive)
zephyr/libzephyr.a(heap-validate.c.obj)
                              (--whole-archive)
zephyr/libzephyr.a(bitarray.c.obj)
                              (--whole-archive)
zephyr/libzephyr.a(cbprintf_complete.c.obj)
                              (--whole-archive)
zephyr/libzephyr.a(ring_buffer.c.obj)
                              (--whole-archive)
zephyr/libzephyr.a(assert.c.obj)
                              (--whole-archive)
zephyr/libzephyr.a(mutex.c.obj)
                              (--whole-archive)
zephyr/libzephyr.a(user_work.c.obj)
                              (--whole-archive)
zephyr/libzephyr.a(mpsc_pbuf.c.obj)
                              (--whole-archive)
zephyr/libzephyr.a(fnmatch.c.obj)
                              (--whole-archive)
zephyr/libzephyr.a(configs.c.obj)
                              (--whole-archive)
zephyr/libzephyr.a(board_acrn.c.obj)
                              (--whole-archive)
zephyr/libzephyr.a(log_minimal.c.obj)
                              (--whole-archive)
zephyr/libzephyr.a(kernel_service.c.obj)
                              (--whole-archive)
zephyr/libzephyr.a(device_service.c.obj)
                              (--whole-archive)
zephyr/libzephyr.a(date_service.c.obj)
                              (--whole-archive)
zephyr/libzephyr.a(devmem_service.c.obj)
                              (--whole-archive)
zephyr/libzephyr.a(shell.c.obj)
                              (--whole-archive)
zephyr/libzephyr.a(shell_fprintf.c.obj)
                              (--whole-archive)
zephyr/libzephyr.a(shell_utils.c.obj)
                              (--whole-archive)
zephyr/libzephyr.a(shell_ops.c.obj)
                              (--whole-archive)
zephyr/libzephyr.a(shell_uart.c.obj)
                              (--whole-archive)
zephyr/libzephyr.a(shell_help.c.obj)
                              (--whole-archive)
zephyr/libzephyr.a(shell_cmds.c.obj)
                              (--whole-archive)
zephyr/libzephyr.a(shell_history.c.obj)
                              (--whole-archive)
zephyr/libzephyr.a(shell_wildcard.c.obj)
                              (--whole-archive)
zephyr/libzephyr.a(tracing_none.c.obj)
                              (--whole-archive)
zephyr/arch/arch/x86/core/libarch__x86__core.a(cpuhalt.c.obj)
                              (--whole-archive)
zephyr/arch/arch/x86/core/libarch__x86__core.a(prep_c.c.obj)
                              (--whole-archive)
zephyr/arch/arch/x86/core/libarch__x86__core.a(fatal.c.obj)
                              (--whole-archive)
zephyr/arch/arch/x86/core/libarch__x86__core.a(cpuid.c.obj)
                              (--whole-archive)
zephyr/arch/arch/x86/core/libarch__x86__core.a(spec_ctrl.c.obj)
                              (--whole-archive)
zephyr/arch/arch/x86/core/libarch__x86__core.a(pcie.c.obj)
                              (--whole-archive)
zephyr/arch/arch/x86/core/libarch__x86__core.a(multiboot.c.obj)
                              (--whole-archive)
zephyr/arch/arch/x86/core/libarch__x86__core.a(acpi.c.obj)
                              (--whole-archive)
zephyr/arch/arch/x86/core/libarch__x86__core.a(x86_mmu.c.obj)
                              (--whole-archive)
zephyr/arch/arch/x86/core/libarch__x86__core.a(userspace.c.obj)
                              (--whole-archive)
[...]
Memory Configuration

Name             Origin             Length             Attributes
RAM              0x0000000000100000 0x000000000ff00000 xw
LOCORE           0x0000000000001000 0x000000000000f000 xw
*default*        0x0000000000000000 0xffffffffffffffff

Linker script and memory map

LOAD zephyr/CMakeFiles/zephyr_prebuilt.dir/misc/empty_file.c.obj
LOAD zephyr/CMakeFiles/offsets.dir/./arch/x86/core/offsets/offsets.c.obj

.locore         0x0000000000001000     0x6000
                0x0000000000001000                _locore_start = .
 *(SORT_BY_ALIGNMENT(.locore))
 .locore        0x0000000000001000      0xe15 zephyr/arch/arch/x86/core/libarch__x86__core.a(locore.S.obj)
                0x0000000000001000                __start
                0x000000000000100a                __start32
                0x00000000000010f7                __start64
                0x0000000000001168                x86_sse_init
                0x0000000000001183                z_x86_switch
 *(SORT_BY_ALIGNMENT(.locore.*))
                0x0000000000002000                . = ALIGN (0x1000)
 *fill*         0x0000000000001e15      0x1eb 
                0x0000000000002000                _locore_end = .
                0x0000000000002000                _lorodata_start = .
 *(SORT_BY_ALIGNMENT(.lorodata))
 .lorodata      0x0000000000002000     0x1010 zephyr/arch/arch/x86/core/libarch__x86__core.a(locore.S.obj)
                0x0000000000004000                . = ALIGN (0x1000)
 *fill*         0x0000000000003010      0xff0 
                0x0000000000004000                _lodata_start = .
 *(SORT_BY_ALIGNMENT(.lodata))
 .lodata        0x0000000000004000     0x2000 zephyr/arch/arch/x86/core/libarch__x86__core.a(locore.S.obj)
                0x0000000000004000                z_x86_exception_stack
                0x0000000000005000                z_x86_nmi_stack
                0x0000000000006000                . = ALIGN (0x1000)
                0x0000000000006000                z_shared_kernel_page_start = .
 *(SORT_BY_ALIGNMENT(.tss))
 .tss           0x0000000000006000       0x80 zephyr/arch/arch/x86/core/libarch__x86__core.a(cpu.c.obj)
                0x0000000000006000                tss0
 *(SORT_BY_ALIGNMENT(.gdt))
 .gdt           0x0000000000006080       0x60 zephyr/arch/arch/x86/core/libarch__x86__core.a(locore.S.obj)
 *(SORT_BY_ALIGNMENT(.trampolines))
 .trampolines   0x00000000000060e0       0x80 zephyr/arch/arch/x86/core/libarch__x86__core.a(locore.S.obj)
                0x00000000000060e0                z_x86_trampoline_stack
                0x0000000000007000                . = ALIGN (0x1000)
 *fill*         0x0000000000006160      0xea0 
                0x0000000000007000                z_shared_kernel_page_end = .
                0x0000000000000001                ASSERT (((z_shared_kernel_page_end - z_shared_kernel_page_start) == 0x1000), shared kernel area is not one memory page)
                0x0000000000007000                . = ALIGN (0x1000)
                0x0000000000007000                _lodata_end = .
                0x0000000000001000                _locore_size = (_lorodata_start - _locore_start)
                0x0000000000002000                _lorodata_size = (_lodata_start - _lorodata_start)
                0x0000000000003000                _lodata_size = (_lodata_end - _lodata_start)

text            0x0000000000100000    0x1a000
                0x0000000000100000                . = ALIGN (0x10)
                0x0000000000100000                __rom_region_start = .
                0x0000000000100000                __text_region_start = .
                0x0000000000100000                z_mapped_start = .
 *(SORT_BY_ALIGNMENT(.text))
 .text          0x0000000000100000      0x1c9 zephyr/arch/arch/x86/core/libarch__x86__core.a(userspace.S.obj)
                0x0000000000100000                z_x86_trampoline_to_user
                0x0000000000100046                z_x86_syscall_entry_stub
                0x0000000000100141                arch_user_string_nlen
                0x000000000010014a                z_x86_user_string_nlen_fault_start
                0x000000000010014e                z_x86_user_string_nlen_fault_end
                0x000000000010015d                z_x86_user_string_nlen_fixup
                0x0000000000100169                z_x86_userspace_enter
 *(SORT_BY_ALIGNMENT(.text.*))
 .text._OffsetAbsSyms
                0x00000000001001c9        0x1 zephyr/CMakeFiles/offsets.dir/./arch/x86/core/offsets/offsets.c.obj
                0x00000000001001c9                _OffsetAbsSyms
 .text.arch_is_user_context
                0x00000000001001ca        0x8 app/libapp.a(main.c.obj)
 .text.k_poll_signal_init
                0x00000000001001d2       0x1c app/libapp.a(main.c.obj)
 .text.k_object_access_grant.constprop.0
                0x00000000001001ee       0x26 app/libapp.a(main.c.obj)
 .text.thread_routine
                0x0000000000100214       0x58 app/libapp.a(main.c.obj)
                0x0000000000100214                thread_routine
 .text.main     0x000000000010026c      0x1d3 app/libapp.a(main.c.obj)
                0x000000000010026c                main
 .text.char_out
                0x000000000010043f        0x8 zephyr/libzephyr.a(printk.c.obj)
 .text.str_out  0x0000000000100447       0x38 zephyr/libzephyr.a(printk.c.obj)
 .text.__printk_hook_install
                0x000000000010047f        0x8 zephyr/libzephyr.a(printk.c.obj)
                0x000000000010047f                __printk_hook_install
 .text.z_impl_k_str_out
                0x0000000000100487       0x26 zephyr/libzephyr.a(printk.c.obj)
                0x0000000000100487                z_impl_k_str_out
 .text.buf_flush
                0x00000000001004ad       0x2f zephyr/libzephyr.a(printk.c.obj)
 .text.vprintk  0x00000000001004dc       0x62 zephyr/libzephyr.a(printk.c.obj)
                0x00000000001004dc                vprintk
 .text.buf_char_out
                0x000000000010053e       0x2f zephyr/libzephyr.a(printk.c.obj)
 .text.z_mrsh_k_str_out
                0x000000000010056d       0x8b zephyr/libzephyr.a(printk.c.obj)
                0x000000000010056d                z_mrsh_k_str_out
 .text.printk   0x00000000001005f8       0x8d zephyr/libzephyr.a(printk.c.obj)
                0x00000000001005f8                printk
 .text.vsnprintk
                0x0000000000100685       0x3e zephyr/libzephyr.a(printk.c.obj)
                0x0000000000100685                vsnprintk
 .text.snprintk
                0x00000000001006c3       0x7f zephyr/libzephyr.a(printk.c.obj)
                0x00000000001006c3                snprintk
 .text.set_child
                0x0000000000100742       0x17 zephyr/libzephyr.a(rb.c.obj)
 .text.find_and_stack
                0x0000000000100759       0x75 zephyr/libzephyr.a(rb.c.obj)
 .text.rotate   0x00000000001007ce       0xb3 zephyr/libzephyr.a(rb.c.obj)
 .text.rb_insert
                0x0000000000100881      0x1af zephyr/libzephyr.a(rb.c.obj)
                0x0000000000100881                rb_insert
 .text.rb_remove
                0x0000000000100a30      0x436 zephyr/libzephyr.a(rb.c.obj)
                0x0000000000100a30                rb_remove
 .text.rb_contains
                0x0000000000100e66       0x48 zephyr/libzephyr.a(rb.c.obj)
                0x0000000000100e66                rb_contains
 .text.sys_sem_init
                0x0000000000100eae       0x1f zephyr/libzephyr.a(sem.c.obj)
                0x0000000000100eae                sys_sem_init
 .text.sys_sem_give
                0x0000000000100ecd       0x66 zephyr/libzephyr.a(sem.c.obj)
                0x0000000000100ecd                sys_sem_give
 .text.sys_sem_take
                0x0000000000100f33       0x68 zephyr/libzephyr.a(sem.c.obj)
                0x0000000000100f33                sys_sem_take
 .text.z_thread_entry
                0x0000000000100f9b       0x3e zephyr/libzephyr.a(thread_entry.c.obj)
                0x0000000000100f9b                z_thread_entry
 .text.timeutil_timegm64
                0x0000000000100fd9       0xc9 zephyr/libzephyr.a(timeutil.c.obj)
                0x0000000000100fd9                timeutil_timegm64
 .text.timeutil_timegm
                0x00000000001010a2       0x31 zephyr/libzephyr.a(timeutil.c.obj)
                0x00000000001010a2                timeutil_timegm
 .text.chunk_size
                0x00000000001010d3        0x9 zephyr/libzephyr.a(heap.c.obj)
 .text.set_chunk_used
                0x00000000001010dc       0x1f zephyr/libzephyr.a(heap.c.obj)
 .text.free_list_remove_bidx
                0x00000000001010fb       0x37 zephyr/libzephyr.a(heap.c.obj)
 .text.alloc_chunk
                0x0000000000101132       0x88 zephyr/libzephyr.a(heap.c.obj)
 .text.free_list_remove
                0x00000000001011ba       0x2f zephyr/libzephyr.a(heap.c.obj)
 .text.free_list_add
                0x00000000001011e9       0x6d zephyr/libzephyr.a(heap.c.obj)
 .text.merge_chunks
                0x0000000000101256       0x33 zephyr/libzephyr.a(heap.c.obj)
 .text.free_chunk
                0x0000000000101289       0x67 zephyr/libzephyr.a(heap.c.obj)
 .text.split_chunks
                0x00000000001012f0       0x3d zephyr/libzephyr.a(heap.c.obj)
 .text.sys_heap_free
                0x000000000010132d       0xdc zephyr/libzephyr.a(heap.c.obj)
                0x000000000010132d                sys_heap_free
 .text.sys_heap_alloc
                0x0000000000101409       0x72 zephyr/libzephyr.a(heap.c.obj)
                0x0000000000101409                sys_heap_alloc
 .text.sys_heap_aligned_alloc
                0x000000000010147b      0x17c zephyr/libzephyr.a(heap.c.obj)
                0x000000000010147b                sys_heap_aligned_alloc
 .text.sys_heap_init
                0x00000000001015f7      0x1ca zephyr/libzephyr.a(heap.c.obj)
                0x00000000001015f7                sys_heap_init
 .text.setup_bundle_data.constprop.0
                0x00000000001017c1       0x53 zephyr/libzephyr.a(bitarray.c.obj)
 .text.match_region
                0x0000000000101814      0x102 zephyr/libzephyr.a(bitarray.c.obj)
 .text.set_region
                0x0000000000101916       0x9c zephyr/libzephyr.a(bitarray.c.obj)
 .text.set_clear_region
                0x00000000001019b2      0x149 zephyr/libzephyr.a(bitarray.c.obj)
 .text.sys_bitarray_alloc
                0x0000000000101afb      0x1ba zephyr/libzephyr.a(bitarray.c.obj)
                0x0000000000101afb                sys_bitarray_alloc
 .text.sys_bitarray_free
                0x0000000000101cb5      0x168 zephyr/libzephyr.a(bitarray.c.obj)
                0x0000000000101cb5                sys_bitarray_free
 .text.sys_bitarray_set_region
                0x0000000000101e1d        0xa zephyr/libzephyr.a(bitarray.c.obj)
                0x0000000000101e1d                sys_bitarray_set_region
 .text.encode_uint
                0x0000000000101e27       0x8a zephyr/libzephyr.a(cbprintf_complete.c.obj)
 .text.outs     0x0000000000101eb1       0x5a zephyr/libzephyr.a(cbprintf_complete.c.obj)
 .text.cbvprintf
                0x0000000000101f0b      0x9a9 zephyr/libzephyr.a(cbprintf_complete.c.obj)
                0x0000000000101f0b                cbvprintf
 .text.ring_buf_get_rewind_threshold
                0x00000000001028b4        0x6 zephyr/libzephyr.a(ring_buffer.c.obj)
                0x00000000001028b4                ring_buf_get_rewind_threshold
 .text.ring_buf_is_empty
                0x00000000001028ba       0x3b zephyr/libzephyr.a(ring_buffer.c.obj)
                0x00000000001028ba                ring_buf_is_empty
 .text.ring_buf_put_claim
                0x00000000001028f5       0x40 zephyr/libzephyr.a(ring_buffer.c.obj)
                0x00000000001028f5                ring_buf_put_claim
 .text.ring_buf_put_finish
                0x0000000000102935       0x54 zephyr/libzephyr.a(ring_buffer.c.obj)
                0x0000000000102935                ring_buf_put_finish
 .text.ring_buf_put
                0x0000000000102989       0x9f zephyr/libzephyr.a(ring_buffer.c.obj)
                0x0000000000102989                ring_buf_put
 .text.ring_buf_get_claim
                0x0000000000102a28       0x74 zephyr/libzephyr.a(ring_buffer.c.obj)
                0x0000000000102a28                ring_buf_get_claim
 .text.ring_buf_get_finish
                0x0000000000102a9c       0x59 zephyr/libzephyr.a(ring_buffer.c.obj)
                0x0000000000102a9c                ring_buf_get_finish
 .text.ring_buf_get
                0x0000000000102af5       0xa3 zephyr/libzephyr.a(ring_buffer.c.obj)
                0x0000000000102af5                ring_buf_get
 .text.assert_post_action
                0x0000000000102b98       0x18 zephyr/libzephyr.a(assert.c.obj)
                0x0000000000102b98                assert_post_action
 .text.check_sys_mutex_addr
                0x0000000000102bb0       0x50 zephyr/libzephyr.a(mutex.c.obj)
 .text.z_impl_z_sys_mutex_kernel_lock
                0x0000000000102c00       0x45 zephyr/libzephyr.a(mutex.c.obj)
                0x0000000000102c00                z_impl_z_sys_mutex_kernel_lock
 .text.z_mrsh_z_sys_mutex_kernel_lock
                0x0000000000102c45       0x61 zephyr/libzephyr.a(mutex.c.obj)
                0x0000000000102c45                z_mrsh_z_sys_mutex_kernel_lock
 .text.z_impl_z_sys_mutex_kernel_unlock
                0x0000000000102ca6       0x3f zephyr/libzephyr.a(mutex.c.obj)
                0x0000000000102ca6                z_impl_z_sys_mutex_kernel_unlock
 .text.z_mrsh_z_sys_mutex_kernel_unlock
                0x0000000000102ce5       0x4f zephyr/libzephyr.a(mutex.c.obj)
                0x0000000000102ce5                z_mrsh_z_sys_mutex_kernel_unlock
 .text.foldcase
                0x0000000000102d34       0x14 zephyr/libzephyr.a(fnmatch.c.obj)
 .text.fnmatchx
                0x0000000000102d48      0x373 zephyr/libzephyr.a(fnmatch.c.obj)
 .text.fnmatch  0x00000000001030bb        0xa zephyr/libzephyr.a(fnmatch.c.obj)
                0x00000000001030bb                fnmatch
 .text._ConfigAbsSyms
                0x00000000001030c5        0x1 zephyr/libzephyr.a(configs.c.obj)
                0x00000000001030c5                _ConfigAbsSyms
 .text.z_log_minimal_printk
                0x00000000001030c6       0x8d zephyr/libzephyr.a(log_minimal.c.obj)
                0x00000000001030c6                z_log_minimal_printk
 .text.z_log_minimal_hexdump_print
                0x0000000000103153       0xf8 zephyr/libzephyr.a(log_minimal.c.obj)
                0x0000000000103153                z_log_minimal_hexdump_print
 .text.cmd_kernel_version
                0x000000000010324b       0x3d zephyr/libzephyr.a(kernel_service.c.obj)
 .text.cmd_kernel_threads
                0x0000000000103288       0x47 zephyr/libzephyr.a(kernel_service.c.obj)
 .text.cmd_kernel_stacks
                0x00000000001032cf       0x70 zephyr/libzephyr.a(kernel_service.c.obj)
 .text.cmd_kernel_cycles
                0x000000000010333f       0x29 zephyr/libzephyr.a(kernel_service.c.obj)
 .text.cmd_kernel_uptime
                0x0000000000103368       0x42 zephyr/libzephyr.a(kernel_service.c.obj)
 .text.k_thread_stack_space_get
                0x00000000001033aa       0x13 zephyr/libzephyr.a(kernel_service.c.obj)
 .text.shell_stack_dump
                0x00000000001033bd       0x8f zephyr/libzephyr.a(kernel_service.c.obj)
 .text.shell_tdata_dump
                0x000000000010344c      0x188 zephyr/libzephyr.a(kernel_service.c.obj)
 .text.get_device_name
                0x00000000001035d4       0x32 zephyr/libzephyr.a(device_service.c.obj)
 .text.cmd_device_list_visitor
                0x0000000000103606       0x30 zephyr/libzephyr.a(device_service.c.obj)
 .text.device_usable_check
                0x0000000000103636       0x34 zephyr/libzephyr.a(device_service.c.obj)
 .text.device_get_config_level
                0x000000000010366a       0x79 zephyr/libzephyr.a(device_service.c.obj)
 .text.cmd_device_levels
                0x00000000001036e3       0xcf zephyr/libzephyr.a(device_service.c.obj)
 .text.cmd_device_list
                0x00000000001037b2       0xca zephyr/libzephyr.a(device_service.c.obj)
 .text.date_print
                0x000000000010387c       0x38 zephyr/libzephyr.a(date_service.c.obj)
 .text.get_h_m_s
                0x00000000001038b4      0x107 zephyr/libzephyr.a(date_service.c.obj)
 .text.clock_gettime.constprop.0.isra.0
                0x00000000001039bb       0x2a zephyr/libzephyr.a(date_service.c.obj)
 .text.cmd_date_get
                0x00000000001039e5       0x39 zephyr/libzephyr.a(date_service.c.obj)
 .text.cmd_date_set
                0x0000000000103a1e      0x1b9 zephyr/libzephyr.a(date_service.c.obj)
 .text.cmd_devmem
                0x0000000000103bd7      0x14e zephyr/libzephyr.a(devmem_service.c.obj)
 .text.set_bypass.isra.0
                0x0000000000103d25       0x6d zephyr/libzephyr.a(devmem_service.c.obj)
 .text.bypass_cb
                0x0000000000103d92      0x17b zephyr/libzephyr.a(devmem_service.c.obj)
 .text.cmd_load
                0x0000000000103f0d      0x10a zephyr/libzephyr.a(devmem_service.c.obj)
 .text.arch_is_user_context
                0x0000000000104017        0x8 zephyr/libzephyr.a(shell.c.obj)
 .text.atomic_or
                0x000000000010401f       0x13 zephyr/libzephyr.a(shell.c.obj)
 .text.atomic_and
                0x0000000000104032       0x13 zephyr/libzephyr.a(shell.c.obj)
 .text.z_shell_strlen
                0x0000000000104045       0x13 zephyr/libzephyr.a(shell.c.obj)
 .text.z_shell_raw_fprintf
                0x0000000000104058       0x86 zephyr/libzephyr.a(shell.c.obj)
 .text.shell_internal_help_print
                0x00000000001040de       0x30 zephyr/libzephyr.a(shell.c.obj)
 .text.z_current_get
                0x000000000010410e       0x1c zephyr/libzephyr.a(shell.c.obj)
 .text.z_flag_print_noinit_set.isra.0
                0x000000000010412a       0x20 zephyr/libzephyr.a(shell.c.obj)
 .text.z_flag_cmd_ctx_set.isra.0
                0x000000000010414a       0x20 zephyr/libzephyr.a(shell.c.obj)
 .text.z_flag_history_exit_set.isra.0
                0x000000000010416a       0x20 zephyr/libzephyr.a(shell.c.obj)
 .text.z_flag_mode_delete_set.isra.0
                0x000000000010418a       0x2e zephyr/libzephyr.a(shell.c.obj)
 .text.z_flag_processing_set.isra.0
                0x00000000001041b8       0x20 zephyr/libzephyr.a(shell.c.obj)
 .text.z_flag_obscure_set.isra.0
                0x00000000001041d8       0x2e zephyr/libzephyr.a(shell.c.obj)
 .text.z_flag_echo_set.isra.0
                0x0000000000104206       0x2e zephyr/libzephyr.a(shell.c.obj)
 .text.z_flag_use_colors_set.isra.0
                0x0000000000104234       0x2d zephyr/libzephyr.a(shell.c.obj)
 .text.z_flag_insert_mode_set.isra.0
                0x0000000000104261       0x2b zephyr/libzephyr.a(shell.c.obj)
 .text.z_cursor_next_line_move.isra.0
                0x000000000010428c        0xc zephyr/libzephyr.a(shell.c.obj)
 .text.history_handle
                0x0000000000104298      0x103 zephyr/libzephyr.a(shell.c.obj)
 .text.k_mutex_lock.constprop.0.isra.0
                0x000000000010439b       0x20 zephyr/libzephyr.a(shell.c.obj)
 .text.k_poll_signal_raise.constprop.0.isra.0
                0x00000000001043bb       0x2e zephyr/libzephyr.a(shell.c.obj)
 .text.transport_evt_handler
                0x00000000001043e9       0x1f zephyr/libzephyr.a(shell.c.obj)
 .text.kill_handler
                0x0000000000104408       0xf8 zephyr/libzephyr.a(shell.c.obj)
 .text.shell_signal_handle
                0x0000000000104500       0x85 zephyr/libzephyr.a(shell.c.obj)
 .text.k_mutex_unlock.isra.0
                0x0000000000104585       0x1c zephyr/libzephyr.a(shell.c.obj)
 .text.execute  0x00000000001045a1      0x4bf zephyr/libzephyr.a(shell.c.obj)
 .text.state_set.constprop.0
                0x0000000000104a60       0x64 zephyr/libzephyr.a(shell.c.obj)
 .text.shell_process
                0x0000000000104ac4      0xa27 zephyr/libzephyr.a(shell.c.obj)
                0x0000000000104ac4                shell_process
 .text.shell_init
                0x00000000001054eb      0x2ca zephyr/libzephyr.a(shell.c.obj)
                0x00000000001054eb                shell_init
 .text.shell_start
                0x00000000001057b5       0xcd zephyr/libzephyr.a(shell.c.obj)
                0x00000000001057b5                shell_start
 .text.shell_thread
                0x0000000000105882      0x107 zephyr/libzephyr.a(shell.c.obj)
                0x0000000000105882                shell_thread
 .text.shell_vfprintf
                0x0000000000105989      0x20a zephyr/libzephyr.a(shell.c.obj)
                0x0000000000105989                shell_vfprintf
 .text.shell_fprintf
                0x0000000000105b93       0x7f zephyr/libzephyr.a(shell.c.obj)
                0x0000000000105b93                shell_fprintf
 .text.cmd_help
                0x0000000000105c12       0x61 zephyr/libzephyr.a(shell.c.obj)
 .text.shell_hexdump_line
                0x0000000000105c73      0x10f zephyr/libzephyr.a(shell.c.obj)
                0x0000000000105c73                shell_hexdump_line
 .text.shell_hexdump
                0x0000000000105d82       0x55 zephyr/libzephyr.a(shell.c.obj)
                0x0000000000105d82                shell_hexdump
 .text.shell_help
                0x0000000000105dd7       0x38 zephyr/libzephyr.a(shell.c.obj)
                0x0000000000105dd7                shell_help
 .text.shell_set_bypass
                0x0000000000105e0f        0x9 zephyr/libzephyr.a(shell.c.obj)
                0x0000000000105e0f                shell_set_bypass
 .text.z_shell_fprintf_buffer_flush
                0x0000000000105e18       0x29 zephyr/libzephyr.a(shell_fprintf.c.obj)
                0x0000000000105e18                z_shell_fprintf_buffer_flush
 .text.z_shell_fprintf_fmt
                0x0000000000105e41       0x39 zephyr/libzephyr.a(shell_fprintf.c.obj)
                0x0000000000105e41                z_shell_fprintf_fmt
 .text.out_func
                0x0000000000105e7a       0x58 zephyr/libzephyr.a(shell_fprintf.c.obj)
 .text.z_shell_strlen
                0x0000000000105ed2       0x13 zephyr/libzephyr.a(shell_utils.c.obj)
 .text.z_column_span_with_buffer_offsets_get
                0x0000000000105ee5       0x22 zephyr/libzephyr.a(shell_utils.c.obj)
                0x0000000000105ee5                z_column_span_with_buffer_offsets_get
 .text.z_row_span_with_buffer_offsets_get
                0x0000000000105f07       0x24 zephyr/libzephyr.a(shell_utils.c.obj)
                0x0000000000105f07                z_row_span_with_buffer_offsets_get
 .text.z_shell_multiline_data_calc
                0x0000000000105f2b       0x37 zephyr/libzephyr.a(shell_utils.c.obj)
                0x0000000000105f2b                z_shell_multiline_data_calc
 .text.z_shell_make_argv
                0x0000000000105f62      0x260 zephyr/libzephyr.a(shell_utils.c.obj)
                0x0000000000105f62                z_shell_make_argv
 .text.z_shell_pattern_remove
                0x00000000001061c2       0x7f zephyr/libzephyr.a(shell_utils.c.obj)
                0x00000000001061c2                z_shell_pattern_remove
 .text.z_shell_cmd_get
                0x0000000000106241       0xa9 zephyr/libzephyr.a(shell_utils.c.obj)
                0x0000000000106241                z_shell_cmd_get
 .text.z_shell_find_cmd
                0x00000000001062ea       0x72 zephyr/libzephyr.a(shell_utils.c.obj)
                0x00000000001062ea                z_shell_find_cmd
 .text.z_shell_get_last_command
                0x000000000010635c       0x93 zephyr/libzephyr.a(shell_utils.c.obj)
                0x000000000010635c                z_shell_get_last_command
 .text.z_shell_spaces_trim
                0x00000000001063ef       0xad zephyr/libzephyr.a(shell_utils.c.obj)
                0x00000000001063ef                z_shell_spaces_trim
 .text.z_shell_cmd_trim
                0x000000000010649c       0x9c zephyr/libzephyr.a(shell_utils.c.obj)
                0x000000000010649c                z_shell_cmd_trim
 .text.z_shell_raw_fprintf
                0x0000000000106538       0x86 zephyr/libzephyr.a(shell_ops.c.obj)
 .text.z_cursor_next_line_move.isra.0
                0x00000000001065be        0xc zephyr/libzephyr.a(shell_ops.c.obj)
 .text.z_clear_eos.isra.0
                0x00000000001065ca       0x11 zephyr/libzephyr.a(shell_ops.c.obj)
 .text.full_line_cmd
                0x00000000001065db       0x3d zephyr/libzephyr.a(shell_ops.c.obj)
 .text.z_shell_op_cursor_vert_move
                0x0000000000106618       0x29 zephyr/libzephyr.a(shell_ops.c.obj)
                0x0000000000106618                z_shell_op_cursor_vert_move
 .text.z_shell_op_cursor_horiz_move
                0x0000000000106641       0x29 zephyr/libzephyr.a(shell_ops.c.obj)
                0x0000000000106641                z_shell_op_cursor_horiz_move
 .text.z_shell_cursor_in_empty_line
                0x000000000010666a       0x3d zephyr/libzephyr.a(shell_ops.c.obj)
                0x000000000010666a                z_shell_cursor_in_empty_line
 .text.z_shell_op_cond_next_line
                0x00000000001066a7       0x2e zephyr/libzephyr.a(shell_ops.c.obj)
                0x00000000001066a7                z_shell_op_cond_next_line
 .text.z_shell_op_cursor_position_synchronize
                0x00000000001066d5       0x75 zephyr/libzephyr.a(shell_ops.c.obj)
                0x00000000001066d5                z_shell_op_cursor_position_synchronize
 .text.z_shell_op_cursor_move
                0x000000000010674a       0x86 zephyr/libzephyr.a(shell_ops.c.obj)
                0x000000000010674a                z_shell_op_cursor_move
 .text.z_shell_op_cursor_word_move
                0x00000000001067d0       0xa7 zephyr/libzephyr.a(shell_ops.c.obj)
                0x00000000001067d0                z_shell_op_cursor_word_move
 .text.z_shell_op_cursor_home_move
                0x0000000000106877       0x12 zephyr/libzephyr.a(shell_ops.c.obj)
                0x0000000000106877                z_shell_op_cursor_home_move
 .text.z_shell_op_cursor_end_move
                0x0000000000106889       0x13 zephyr/libzephyr.a(shell_ops.c.obj)
                0x0000000000106889                z_shell_op_cursor_end_move
 .text.z_shell_op_left_arrow
                0x000000000010689c       0x14 zephyr/libzephyr.a(shell_ops.c.obj)
                0x000000000010689c                z_shell_op_left_arrow
 .text.z_shell_op_right_arrow
                0x00000000001068b0       0x18 zephyr/libzephyr.a(shell_ops.c.obj)
                0x00000000001068b0                z_shell_op_right_arrow
 .text.z_shell_op_delete_from_cursor
                0x00000000001068c8       0x1a zephyr/libzephyr.a(shell_ops.c.obj)
                0x00000000001068c8                z_shell_op_delete_from_cursor
 .text.z_shell_cmd_line_erase
                0x00000000001068e2       0x53 zephyr/libzephyr.a(shell_ops.c.obj)
                0x00000000001068e2                z_shell_cmd_line_erase
 .text.z_shell_print_cmd
                0x0000000000106935       0x18 zephyr/libzephyr.a(shell_ops.c.obj)
                0x0000000000106935                z_shell_print_cmd
 .text.z_shell_write
                0x000000000010694d      0x18f zephyr/libzephyr.a(shell_ops.c.obj)
                0x000000000010694d                z_shell_write
 .text.z_shell_print_stream
                0x0000000000106adc        0x5 zephyr/libzephyr.a(shell_ops.c.obj)
                0x0000000000106adc                z_shell_print_stream
 .text.z_shell_vt100_color_set
                0x0000000000106ae1       0x58 zephyr/libzephyr.a(shell_ops.c.obj)
                0x0000000000106ae1                z_shell_vt100_color_set
 .text.z_shell_vt100_colors_restore
                0x0000000000106b39       0x5e zephyr/libzephyr.a(shell_ops.c.obj)
                0x0000000000106b39                z_shell_vt100_colors_restore
 .text.z_shell_vfprintf
                0x0000000000106b97       0x94 zephyr/libzephyr.a(shell_ops.c.obj)
                0x0000000000106b97                z_shell_vfprintf
 .text.z_shell_fprintf
                0x0000000000106c2b      0x1be zephyr/libzephyr.a(shell_ops.c.obj)
                0x0000000000106c2b                z_shell_fprintf
 .text.z_shell_op_word_remove
                0x0000000000106de9       0xea zephyr/libzephyr.a(shell_ops.c.obj)
                0x0000000000106de9                z_shell_op_word_remove
 .text.reprint_from_cursor
                0x0000000000106ed3       0xb4 zephyr/libzephyr.a(shell_ops.c.obj)
 .text.data_insert
                0x0000000000106f87       0xb7 zephyr/libzephyr.a(shell_ops.c.obj)
 .text.z_shell_op_char_insert
                0x000000000010703e       0xa2 zephyr/libzephyr.a(shell_ops.c.obj)
                0x000000000010703e                z_shell_op_char_insert
 .text.z_shell_op_completion_insert
                0x00000000001070e0        0x8 zephyr/libzephyr.a(shell_ops.c.obj)
                0x00000000001070e0                z_shell_op_completion_insert
 .text.z_shell_op_char_delete
                0x00000000001070e8       0x50 zephyr/libzephyr.a(shell_ops.c.obj)
                0x00000000001070e8                z_shell_op_char_delete
 .text.z_shell_op_char_backspace
                0x0000000000107138       0x31 zephyr/libzephyr.a(shell_ops.c.obj)
                0x0000000000107138                z_shell_op_char_backspace
 .text.z_shell_print_prompt_and_cmd
                0x0000000000107169       0x4e zephyr/libzephyr.a(shell_ops.c.obj)
                0x0000000000107169                z_shell_print_prompt_and_cmd
 .text.arch_is_user_context
                0x00000000001071b7        0x8 zephyr/libzephyr.a(shell_uart.c.obj)
 .text.enable   0x00000000001071bf        0xe zephyr/libzephyr.a(shell_uart.c.obj)
 .text.read     0x00000000001071cd       0x21 zephyr/libzephyr.a(shell_uart.c.obj)
 .text.init     0x00000000001071ee       0x7b zephyr/libzephyr.a(shell_uart.c.obj)
 .text.enable_shell_uart
                0x0000000000107269       0x55 zephyr/libzephyr.a(shell_uart.c.obj)
 .text.uninit   0x00000000001072be       0x27 zephyr/libzephyr.a(shell_uart.c.obj)
 .text.write    0x00000000001072e5       0x79 zephyr/libzephyr.a(shell_uart.c.obj)
 .text.timer_handler
                0x000000000010735e       0x8e zephyr/libzephyr.a(shell_uart.c.obj)
 .text.z_shell_raw_fprintf
                0x00000000001073ec       0x86 zephyr/libzephyr.a(shell_help.c.obj)
 .text.z_cursor_next_line_move.isra.0
                0x0000000000107472        0xc zephyr/libzephyr.a(shell_help.c.obj)
 .text.formatted_text_print.constprop.0
                0x000000000010747e      0x16a zephyr/libzephyr.a(shell_help.c.obj)
 .text.z_shell_help_subcmd_print
                0x00000000001075e8      0x110 zephyr/libzephyr.a(shell_help.c.obj)
                0x00000000001075e8                z_shell_help_subcmd_print
 .text.z_shell_help_cmd_print
                0x00000000001076f8       0x5f zephyr/libzephyr.a(shell_help.c.obj)
                0x00000000001076f8                z_shell_help_cmd_print
 .text.z_shell_help_request
                0x0000000000107757       0x35 zephyr/libzephyr.a(shell_help.c.obj)
                0x0000000000107757                z_shell_help_request
 .text.cmd_shell_stats_reset
                0x000000000010778c        0xd zephyr/libzephyr.a(shell_cmds.c.obj)
 .text.z_shell_raw_fprintf
                0x0000000000107799       0x86 zephyr/libzephyr.a(shell_cmds.c.obj)
 .text.cmd_clear
                0x000000000010781f       0x39 zephyr/libzephyr.a(shell_cmds.c.obj)
 .text.cmd_resize_default
                0x0000000000107858       0x2f zephyr/libzephyr.a(shell_cmds.c.obj)
 .text.cmd_shell_stats_show
                0x0000000000107887       0x1c zephyr/libzephyr.a(shell_cmds.c.obj)
 .text.cmd_history
                0x00000000001078a3       0x75 zephyr/libzephyr.a(shell_cmds.c.obj)
 .text.cmd_echo
                0x0000000000107918       0x5b zephyr/libzephyr.a(shell_cmds.c.obj)
 .text.z_flag_mode_delete_set.isra.0
                0x0000000000107973       0x16 zephyr/libzephyr.a(shell_cmds.c.obj)
 .text.cmd_bacskpace_mode_backspace
                0x0000000000107989       0x13 zephyr/libzephyr.a(shell_cmds.c.obj)
 .text.cmd_bacskpace_mode_delete
                0x000000000010799c       0x16 zephyr/libzephyr.a(shell_cmds.c.obj)
 .text.cmd_resize
                0x00000000001079b2      0x228 zephyr/libzephyr.a(shell_cmds.c.obj)
 .text.z_flag_use_colors_set.isra.0
                0x0000000000107bda       0x16 zephyr/libzephyr.a(shell_cmds.c.obj)
 .text.cmd_colors_off
                0x0000000000107bf0       0x13 zephyr/libzephyr.a(shell_cmds.c.obj)
 .text.cmd_colors_on
                0x0000000000107c03       0x16 zephyr/libzephyr.a(shell_cmds.c.obj)
 .text.z_flag_echo_set.isra.0
                0x0000000000107c19       0x16 zephyr/libzephyr.a(shell_cmds.c.obj)
 .text.cmd_echo_off
                0x0000000000107c2f       0x13 zephyr/libzephyr.a(shell_cmds.c.obj)
 .text.cmd_echo_on
                0x0000000000107c42       0x16 zephyr/libzephyr.a(shell_cmds.c.obj)
 .text.remove_from_tail.part.0
                0x0000000000107c58       0x3d zephyr/libzephyr.a(shell_history.c.obj)
 .text.z_shell_history_mode_exit
                0x0000000000107c95        0x9 zephyr/libzephyr.a(shell_history.c.obj)
                0x0000000000107c95                z_shell_history_mode_exit
 .text.z_shell_history_get
                0x0000000000107c9e       0x8b zephyr/libzephyr.a(shell_history.c.obj)
                0x0000000000107c9e                z_shell_history_get
 .text.z_shell_history_purge
                0x0000000000107d29       0x25 zephyr/libzephyr.a(shell_history.c.obj)
                0x0000000000107d29                z_shell_history_purge
 .text.z_shell_history_put
                0x0000000000107d4e      0x1a2 zephyr/libzephyr.a(shell_history.c.obj)
                0x0000000000107d4e                z_shell_history_put
 .text.z_shell_history_init
                0x0000000000107ef0       0x15 zephyr/libzephyr.a(shell_history.c.obj)
                0x0000000000107ef0                z_shell_history_init
 .text.z_shell_has_wildcard
                0x0000000000107f05       0x45 zephyr/libzephyr.a(shell_wildcard.c.obj)
                0x0000000000107f05                z_shell_has_wildcard
 .text.z_shell_wildcard_prepare
                0x0000000000107f4a       0x6c zephyr/libzephyr.a(shell_wildcard.c.obj)
                0x0000000000107f4a                z_shell_wildcard_prepare
 .text.z_shell_wildcard_process
                0x0000000000107fb6      0x186 zephyr/libzephyr.a(shell_wildcard.c.obj)
                0x0000000000107fb6                z_shell_wildcard_process
 .text.z_shell_wildcard_finalize
                0x000000000010813c       0x30 zephyr/libzephyr.a(shell_wildcard.c.obj)
                0x000000000010813c                z_shell_wildcard_finalize
 .text.sys_trace_idle
                0x000000000010816c        0x1 zephyr/libzephyr.a(tracing_none.c.obj)
                0x000000000010816c                sys_trace_idle
 .text.arch_cpu_idle
                0x000000000010816d        0xd zephyr/arch/arch/x86/core/libarch__x86__core.a(cpuhalt.c.obj)
                0x000000000010816d                arch_cpu_idle
 .text.z_x86_prep_c
                0x000000000010817a       0x33 zephyr/arch/arch/x86/core/libarch__x86__core.a(prep_c.c.obj)
                0x000000000010817a                z_x86_prep_c
 .text.z_x86_check_stack_bounds
                0x00000000001081ad       0x6c zephyr/arch/arch/x86/core/libarch__x86__core.a(fatal.c.obj)
                0x00000000001081ad                z_x86_check_stack_bounds
 .text.z_x86_fatal_error
                0x0000000000108219      0x13c zephyr/arch/arch/x86/core/libarch__x86__core.a(fatal.c.obj)
                0x0000000000108219                z_x86_fatal_error
 .text.z_x86_unhandled_cpu_exception
                0x0000000000108355       0xd9 zephyr/arch/arch/x86/core/libarch__x86__core.a(fatal.c.obj)
                0x0000000000108355                z_x86_unhandled_cpu_exception
 .text.z_x86_page_fault_handler
                0x000000000010842e      0x17f zephyr/arch/arch/x86/core/libarch__x86__core.a(fatal.c.obj)
                0x000000000010842e                z_x86_page_fault_handler
 .text.z_x86_do_kernel_oops
                0x00000000001085ad       0x2a zephyr/arch/arch/x86/core/libarch__x86__core.a(fatal.c.obj)
                0x00000000001085ad                z_x86_do_kernel_oops
 .text.z_x86_cpuid_extended_features
                0x00000000001085d7       0x21 zephyr/arch/arch/x86/core/libarch__x86__core.a(cpuid.c.obj)
                0x00000000001085d7                z_x86_cpuid_extended_features
 .text.z_x86_cpuid_get_current_physical_apic_id
                0x00000000001085f8       0x33 zephyr/arch/arch/x86/core/libarch__x86__core.a(cpuid.c.obj)
                0x00000000001085f8                z_x86_cpuid_get_current_physical_apic_id
 .text.spec_ctrl_init
                0x000000000010862b       0x42 zephyr/arch/arch/x86/core/libarch__x86__core.a(spec_ctrl.c.obj)
 .text.pcie_io_conf
                0x000000000010866d       0xfe zephyr/arch/arch/x86/core/libarch__x86__core.a(pcie.c.obj)
 .text.pcie_conf_read
                0x000000000010876b       0x1f zephyr/arch/arch/x86/core/libarch__x86__core.a(pcie.c.obj)
                0x000000000010876b                pcie_conf_read
 .text.pcie_conf_write
                0x000000000010878a       0x1b zephyr/arch/arch/x86/core/libarch__x86__core.a(pcie.c.obj)
                0x000000000010878a                pcie_conf_write
 .text.pcie_msi_map
                0x00000000001087a5       0x16 zephyr/arch/arch/x86/core/libarch__x86__core.a(pcie.c.obj)
                0x00000000001087a5                pcie_msi_map
 .text.pcie_msi_mdr
                0x00000000001087bb       0x20 zephyr/arch/arch/x86/core/libarch__x86__core.a(pcie.c.obj)
                0x00000000001087bb                pcie_msi_mdr
 .text.arch_pcie_msi_vectors_allocate
                0x00000000001087db       0xac zephyr/arch/arch/x86/core/libarch__x86__core.a(pcie.c.obj)
                0x00000000001087db                arch_pcie_msi_vectors_allocate
 .text.arch_pcie_msi_vector_connect
                0x0000000000108887       0x20 zephyr/arch/arch/x86/core/libarch__x86__core.a(pcie.c.obj)
                0x0000000000108887                arch_pcie_msi_vector_connect
 .text.reset_pte
                0x00000000001088a7       0x2d zephyr/arch/arch/x86/core/libarch__x86__core.a(x86_mmu.c.obj)
 .text.z_mem_virt_addr
                0x00000000001088d4       0x54 zephyr/arch/arch/x86/core/libarch__x86__core.a(x86_mmu.c.obj)
 .text.next_table
                0x0000000000108928       0x13 zephyr/arch/arch/x86/core/libarch__x86__core.a(x86_mmu.c.obj)
 .text.str_append
                0x000000000010893b       0x44 zephyr/arch/arch/x86/core/libarch__x86__core.a(x86_mmu.c.obj)
 .text.page_pool_get
                0x000000000010897f       0x43 zephyr/arch/arch/x86/core/libarch__x86__core.a(x86_mmu.c.obj)
 .text.z_mem_phys_addr
                0x00000000001089c2       0x54 zephyr/arch/arch/x86/core/libarch__x86__core.a(x86_mmu.c.obj)
 .text.copy_page_table
                0x0000000000108a16      0x17c zephyr/arch/arch/x86/core/libarch__x86__core.a(x86_mmu.c.obj)
 .text.pentry_get
                0x0000000000108b92       0x78 zephyr/arch/arch/x86/core/libarch__x86__core.a(x86_mmu.c.obj)
 .text.range_map_ptables
                0x0000000000108c0a      0x2b7 zephyr/arch/arch/x86/core/libarch__x86__core.a(x86_mmu.c.obj)
 .text.range_map_unlocked
                0x0000000000108ec1      0x186 zephyr/arch/arch/x86/core/libarch__x86__core.a(x86_mmu.c.obj)
 .text.region_map_update
                0x0000000000109047      0x10e zephyr/arch/arch/x86/core/libarch__x86__core.a(x86_mmu.c.obj)
 .text.z_x86_dump_mmu_flags
                0x0000000000109155      0x192 zephyr/arch/arch/x86/core/libarch__x86__core.a(x86_mmu.c.obj)
                0x0000000000109155                z_x86_dump_mmu_flags
 .text.arch_mem_map
                0x00000000001092e7       0xae zephyr/arch/arch/x86/core/libarch__x86__core.a(x86_mmu.c.obj)
                0x00000000001092e7                arch_mem_map
 .text.z_x86_mmu_init
                0x0000000000109395        0x1 zephyr/arch/arch/x86/core/libarch__x86__core.a(x86_mmu.c.obj)
                0x0000000000109395                z_x86_mmu_init
 .text.z_x86_set_stack_guard
                0x0000000000109396       0x26 zephyr/arch/arch/x86/core/libarch__x86__core.a(x86_mmu.c.obj)
                0x0000000000109396                z_x86_set_stack_guard
 .text.arch_buffer_validate
                0x00000000001093bc       0xfe zephyr/arch/arch/x86/core/libarch__x86__core.a(x86_mmu.c.obj)
                0x00000000001093bc                arch_buffer_validate
 .text.arch_mem_domain_init
                0x00000000001094ba      0x1bd zephyr/arch/arch/x86/core/libarch__x86__core.a(x86_mmu.c.obj)
                0x00000000001094ba                arch_mem_domain_init
 .text.arch_mem_domain_thread_remove
                0x0000000000109677       0x32 zephyr/arch/arch/x86/core/libarch__x86__core.a(x86_mmu.c.obj)
                0x0000000000109677                arch_mem_domain_thread_remove
 .text.arch_mem_domain_partition_add
                0x00000000001096a9       0x24 zephyr/arch/arch/x86/core/libarch__x86__core.a(x86_mmu.c.obj)
                0x00000000001096a9                arch_mem_domain_partition_add
 .text.arch_mem_domain_thread_add
                0x00000000001096cd       0xa1 zephyr/arch/arch/x86/core/libarch__x86__core.a(x86_mmu.c.obj)
                0x00000000001096cd                arch_mem_domain_thread_add
 .text.arch_mem_domain_max_partitions_get
                0x000000000010976e        0x6 zephyr/arch/arch/x86/core/libarch__x86__core.a(x86_mmu.c.obj)
                0x000000000010976e                arch_mem_domain_max_partitions_get
 .text.z_x86_current_stack_perms
                0x0000000000109774       0x73 zephyr/arch/arch/x86/core/libarch__x86__core.a(x86_mmu.c.obj)
                0x0000000000109774                z_x86_current_stack_perms
 .text.arch_reserved_pages_update
                0x00000000001097e7       0x23 zephyr/arch/arch/x86/core/libarch__x86__core.a(x86_mmu.c.obj)
                0x00000000001097e7                arch_reserved_pages_update
 .text.arch_user_mode_enter
                0x000000000010980a       0x30 zephyr/arch/arch/x86/core/libarch__x86__core.a(userspace.c.obj)
                0x000000000010980a                arch_user_mode_enter
 .text.z_x86_userspace_prepare_thread
                0x000000000010983a       0x32 zephyr/arch/arch/x86/core/libarch__x86__core.a(userspace.c.obj)
                0x000000000010983a                z_x86_userspace_prepare_thread
 .text.arch_printk_char_out
                0x000000000010986c       0x42 zephyr/arch/arch/x86/core/libarch__x86__core.a(early_serial.c.obj)
                0x000000000010986c                arch_printk_char_out
 .text.z_x86_early_serial_init
                0x00000000001098ae       0x54 zephyr/arch/arch/x86/core/libarch__x86__core.a(early_serial.c.obj)
                0x00000000001098ae                z_x86_early_serial_init
 .text.z_x86_cpu_init
                0x0000000000109902       0x83 zephyr/arch/arch/x86/core/libarch__x86__core.a(cpu.c.obj)
                0x0000000000109902                z_x86_cpu_init
 .text.irq_spurious
                0x0000000000109985       0x25 zephyr/arch/arch/x86/core/libarch__x86__core.a(irq.c.obj)
 .text.x86_64_irq_init
                0x00000000001099aa       0x25 zephyr/arch/arch/x86/core/libarch__x86__core.a(irq.c.obj)
                0x00000000001099aa                x86_64_irq_init
 .text.z_x86_allocate_vector
                0x00000000001099cf       0x4f zephyr/arch/arch/x86/core/libarch__x86__core.a(irq.c.obj)
                0x00000000001099cf                z_x86_allocate_vector
 .text.z_x86_irq_connect_on_vector
                0x0000000000109a1e       0x47 zephyr/arch/arch/x86/core/libarch__x86__core.a(irq.c.obj)
                0x0000000000109a1e                z_x86_irq_connect_on_vector
 .text.arch_irq_connect_dynamic
                0x0000000000109a65       0xa5 zephyr/arch/arch/x86/core/libarch__x86__core.a(irq.c.obj)
                0x0000000000109a65                arch_irq_connect_dynamic
 .text.arch_new_thread
                0x0000000000109b0a       0xa7 zephyr/arch/arch/x86/core/libarch__x86__core.a(thread.c.obj)
                0x0000000000109b0a                arch_new_thread
 .text.z_x86_do_kernel_nmi
                0x0000000000109bb1        0x3 zephyr/arch/arch/x86/core/libarch__x86__core.a(fatal.c.obj)
                0x0000000000109bb1                z_x86_do_kernel_nmi
 .text.z_x86_exception
                0x0000000000109bb4       0x59 zephyr/arch/arch/x86/core/libarch__x86__core.a(fatal.c.obj)
                0x0000000000109bb4                z_x86_exception
 .text.arch_syscall_oops
                0x0000000000109c0d       0x24 zephyr/arch/arch/x86/core/libarch__x86__core.a(fatal.c.obj)
                0x0000000000109c0d                arch_syscall_oops
 .text.strtol   0x0000000000109c31      0x171 zephyr/lib/libc/minimal/liblib__libc__minimal.a(strtol.c.obj)
                0x0000000000109c31                strtol
 .text.strtoul  0x0000000000109da2      0x161 zephyr/lib/libc/minimal/liblib__libc__minimal.a(strtoul.c.obj)
                0x0000000000109da2                strtoul
 .text.strstr   0x0000000000109f03       0x65 zephyr/lib/libc/minimal/liblib__libc__minimal.a(strstr.c.obj)
                0x0000000000109f03                strstr
 .text.strcpy   0x0000000000109f68       0x1c zephyr/lib/libc/minimal/liblib__libc__minimal.a(string.c.obj)
                0x0000000000109f68                strcpy
 .text.strncpy  0x0000000000109f84       0x37 zephyr/lib/libc/minimal/liblib__libc__minimal.a(string.c.obj)
                0x0000000000109f84                strncpy
 .text.strchr   0x0000000000109fbb       0x21 zephyr/lib/libc/minimal/liblib__libc__minimal.a(string.c.obj)
                0x0000000000109fbb                strchr
 .text.strlen   0x0000000000109fdc        0xe zephyr/lib/libc/minimal/liblib__libc__minimal.a(string.c.obj)
                0x0000000000109fdc                strlen
 .text.strnlen  0x0000000000109fea       0x13 zephyr/lib/libc/minimal/liblib__libc__minimal.a(string.c.obj)
                0x0000000000109fea                strnlen
 .text.strcmp   0x0000000000109ffd       0x18 zephyr/lib/libc/minimal/liblib__libc__minimal.a(string.c.obj)
                0x0000000000109ffd                strcmp
 .text.strncmp  0x000000000010a015       0x25 zephyr/lib/libc/minimal/liblib__libc__minimal.a(string.c.obj)
                0x000000000010a015                strncmp
 .text.memcmp   0x000000000010a03a       0x28 zephyr/lib/libc/minimal/liblib__libc__minimal.a(string.c.obj)
                0x000000000010a03a                memcmp
 .text.memmove  0x000000000010a062       0x36 zephyr/lib/libc/minimal/liblib__libc__minimal.a(string.c.obj)
                0x000000000010a062                memmove
 .text.memcpy   0x000000000010a098       0x1a zephyr/lib/libc/minimal/liblib__libc__minimal.a(string.c.obj)
                0x000000000010a098                memcpy
 .text.memset   0x000000000010a0b2       0x17 zephyr/lib/libc/minimal/liblib__libc__minimal.a(string.c.obj)
                0x000000000010a0b2                memset
 .text._stdout_hook_default
                0x000000000010a0c9        0x4 zephyr/lib/libc/minimal/liblib__libc__minimal.a(stdout_console.c.obj)
 .text.__stdout_hook_install
                0x000000000010a0cd        0x8 zephyr/lib/libc/minimal/liblib__libc__minimal.a(stdout_console.c.obj)
                0x000000000010a0cd                __stdout_hook_install
 .text.z_impl_zephyr_fputc
                0x000000000010a0d5       0x14 zephyr/lib/libc/minimal/liblib__libc__minimal.a(stdout_console.c.obj)
                0x000000000010a0d5                z_impl_zephyr_fputc
 .text.z_mrsh_zephyr_fputc
                0x000000000010a0e9       0x31 zephyr/lib/libc/minimal/liblib__libc__minimal.a(stdout_console.c.obj)
                0x000000000010a0e9                z_mrsh_zephyr_fputc
 .text.z_impl_zephyr_fwrite
                0x000000000010a11a       0x65 zephyr/lib/libc/minimal/liblib__libc__minimal.a(stdout_console.c.obj)
                0x000000000010a11a                z_impl_zephyr_fwrite
 .text.z_mrsh_zephyr_fwrite
                0x000000000010a17f       0xcb zephyr/lib/libc/minimal/liblib__libc__minimal.a(stdout_console.c.obj)
                0x000000000010a17f                z_mrsh_zephyr_fwrite
 .text.sprintf_out
                0x000000000010a24a       0x15 zephyr/lib/libc/minimal/liblib__libc__minimal.a(sprintf.c.obj)
 .text.snprintf
                0x000000000010a25f       0xae zephyr/lib/libc/minimal/liblib__libc__minimal.a(sprintf.c.obj)
                0x000000000010a25f                snprintf
 .text.gmtime_r
                0x000000000010a30d      0x1ef zephyr/lib/libc/minimal/liblib__libc__minimal.a(gmtime.c.obj)
                0x000000000010a30d                gmtime_r
 .text.z_errno  0x000000000010a4fc       0x13 zephyr/lib/posix/liblib__posix.a(clock.c.obj)
 .text.k_uptime_ticks
                0x000000000010a50f       0x13 zephyr/lib/posix/liblib__posix.a(clock.c.obj)
 .text.z_impl_clock_gettime
                0x000000000010a522      0x138 zephyr/lib/posix/liblib__posix.a(clock.c.obj)
                0x000000000010a522                z_impl_clock_gettime
 .text.z_vrfy_clock_gettime
                0x000000000010a65a       0x6c zephyr/lib/posix/liblib__posix.a(clock.c.obj)
                0x000000000010a65a                z_vrfy_clock_gettime
 .text.z_mrsh_clock_gettime
                0x000000000010a6c6       0x31 zephyr/lib/posix/liblib__posix.a(clock.c.obj)
                0x000000000010a6c6                z_mrsh_clock_gettime
 .text.clock_settime
                0x000000000010a6f7      0x10d zephyr/lib/posix/liblib__posix.a(clock.c.obj)
                0x000000000010a6f7                clock_settime
 .text.__IoApicGet
                0x000000000010a804       0x1b zephyr/drivers/interrupt_controller/libdrivers__interrupt_controller.a(intc_ioapic.c.obj)
 .text.__IoApicSet
                0x000000000010a81f       0x1b zephyr/drivers/interrupt_controller/libdrivers__interrupt_controller.a(intc_ioapic.c.obj)
 .text.IoApicRedUpdateLo
                0x000000000010a83a       0x22 zephyr/drivers/interrupt_controller/libdrivers__interrupt_controller.a(intc_ioapic.c.obj)
 .text.ioapic_init
                0x000000000010a85c       0x65 zephyr/drivers/interrupt_controller/libdrivers__interrupt_controller.a(intc_ioapic.c.obj)
                0x000000000010a85c                ioapic_init
 .text.z_ioapic_num_rtes
                0x000000000010a8c1        0x7 zephyr/drivers/interrupt_controller/libdrivers__interrupt_controller.a(intc_ioapic.c.obj)
                0x000000000010a8c1                z_ioapic_num_rtes
 .text.z_ioapic_irq_enable
                0x000000000010a8c8        0xc zephyr/drivers/interrupt_controller/libdrivers__interrupt_controller.a(intc_ioapic.c.obj)
                0x000000000010a8c8                z_ioapic_irq_enable
 .text.z_ioapic_irq_set
                0x000000000010a8d4       0x31 zephyr/drivers/interrupt_controller/libdrivers__interrupt_controller.a(intc_ioapic.c.obj)
                0x000000000010a8d4                z_ioapic_irq_set
 .text.loapic_init
                0x000000000010a905        0x3 zephyr/drivers/interrupt_controller/libdrivers__interrupt_controller.a(intc_loapic.c.obj)
 .text.z_loapic_enable
                0x000000000010a908       0xeb zephyr/drivers/interrupt_controller/libdrivers__interrupt_controller.a(intc_loapic.c.obj)
                0x000000000010a908                z_loapic_enable
 .text.z_loapic_irq_base
                0x000000000010a9f3        0x5 zephyr/drivers/interrupt_controller/libdrivers__interrupt_controller.a(intc_loapic.c.obj)
                0x000000000010a9f3                z_loapic_irq_base
 .text.z_loapic_int_vec_set
                0x000000000010a9f8       0x26 zephyr/drivers/interrupt_controller/libdrivers__interrupt_controller.a(intc_loapic.c.obj)
                0x000000000010a9f8                z_loapic_int_vec_set
 .text.z_loapic_irq_enable
                0x000000000010aa1e       0x27 zephyr/drivers/interrupt_controller/libdrivers__interrupt_controller.a(intc_loapic.c.obj)
                0x000000000010aa1e                z_loapic_irq_enable
 .text.z_irq_controller_irq_config
                0x000000000010aa45       0x92 zephyr/drivers/interrupt_controller/libdrivers__interrupt_controller.a(intc_system_apic.c.obj)
                0x000000000010aa45                z_irq_controller_irq_config
 .text.arch_irq_enable
                0x000000000010aad7       0x33 zephyr/drivers/interrupt_controller/libdrivers__interrupt_controller.a(intc_system_apic.c.obj)
                0x000000000010aad7                arch_irq_enable
 .text.atomic_set_bit.constprop.0
                0x000000000010ab0a       0x1a zephyr/drivers/pcie/host/libdrivers__pcie__host.a(pcie.c.obj)
 .text.pcie_set_cmd
                0x000000000010ab24       0x3f zephyr/drivers/pcie/host/libdrivers__pcie__host.a(pcie.c.obj)
                0x000000000010ab24                pcie_set_cmd
 .text.pcie_get_cap
                0x000000000010ab63       0x67 zephyr/drivers/pcie/host/libdrivers__pcie__host.a(pcie.c.obj)
                0x000000000010ab63                pcie_get_cap
 .text.pcie_get_mbar
                0x000000000010abca      0x126 zephyr/drivers/pcie/host/libdrivers__pcie__host.a(pcie.c.obj)
                0x000000000010abca                pcie_get_mbar
 .text.pcie_alloc_irq
                0x000000000010acf0      0x135 zephyr/drivers/pcie/host/libdrivers__pcie__host.a(pcie.c.obj)
                0x000000000010acf0                pcie_alloc_irq
 .text.pcie_get_irq
                0x000000000010ae25       0x13 zephyr/drivers/pcie/host/libdrivers__pcie__host.a(pcie.c.obj)
                0x000000000010ae25                pcie_get_irq
 .text.pcie_bdf_lookup
                0x000000000010ae38       0x82 zephyr/drivers/pcie/host/libdrivers__pcie__host.a(pcie.c.obj)
                0x000000000010ae38                pcie_bdf_lookup
 .text.pcie_msi_vectors_allocate
                0x000000000010aeba      0x13c zephyr/drivers/pcie/host/libdrivers__pcie__host.a(msi.c.obj)
                0x000000000010aeba                pcie_msi_vectors_allocate
 .text.pcie_msi_vector_connect
                0x000000000010aff6       0x72 zephyr/drivers/pcie/host/libdrivers__pcie__host.a(msi.c.obj)
                0x000000000010aff6                pcie_msi_vector_connect
 .text.pcie_msi_enable
                0x000000000010b068      0x180 zephyr/drivers/pcie/host/libdrivers__pcie__host.a(msi.c.obj)
                0x000000000010b068                pcie_msi_enable
 .text.cmd_pcie_ls
                0x000000000010b1e8      0x31b zephyr/drivers/pcie/host/libdrivers__pcie__host.a(shell.c.obj)
 .text.uart_console_init
                0x000000000010b503       0x3e zephyr/drivers/console/libdrivers__console.a(uart_console.c.obj)
 .text.console_out
                0x000000000010b541       0x3c zephyr/drivers/console/libdrivers__console.a(uart_console.c.obj)
 .text.ivshmem_api_get_mem
                0x000000000010b57d       0x10 zephyr/drivers/virtualization/libdrivers__virtualization.a(virt_ivshmem.c.obj)
 .text.ivshmem_api_get_id
                0x000000000010b58d        0xb zephyr/drivers/virtualization/libdrivers__virtualization.a(virt_ivshmem.c.obj)
 .text.ivshmem_api_get_vectors
                0x000000000010b598        0x8 zephyr/drivers/virtualization/libdrivers__virtualization.a(virt_ivshmem.c.obj)
 .text.ivshmem_api_int_peer
                0x000000000010b5a0       0x20 zephyr/drivers/virtualization/libdrivers__virtualization.a(virt_ivshmem.c.obj)
 .text.ivshmem_api_register_handler
                0x000000000010b5c0       0x1e zephyr/drivers/virtualization/libdrivers__virtualization.a(virt_ivshmem.c.obj)
 .text.ivshmem_api_get_semaphore
                0x000000000010b5de       0x19 zephyr/drivers/virtualization/libdrivers__virtualization.a(virt_ivshmem.c.obj)
 .text.ivshmem_init
                0x000000000010b5f7      0x273 zephyr/drivers/virtualization/libdrivers__virtualization.a(virt_ivshmem.c.obj)
 .text.ivshmem_doorbell
                0x000000000010b86a       0x2c zephyr/drivers/virtualization/libdrivers__virtualization.a(virt_ivshmem.c.obj)
 .text.get_ivshmem
                0x000000000010b896       0x58 zephyr/drivers/virtualization/libdrivers__virtualization.a(virt_ivshmem_shell.c.obj)
 .text.cmd_ivshmem_int
                0x000000000010b8ee       0xab zephyr/drivers/virtualization/libdrivers__virtualization.a(virt_ivshmem_shell.c.obj)
 .text.cmd_ivshmem_dump
                0x000000000010b999       0xae zephyr/drivers/virtualization/libdrivers__virtualization.a(virt_ivshmem_shell.c.obj)
 .text.cmd_ivshmem_get_notified
                0x000000000010ba47      0x10e zephyr/drivers/virtualization/libdrivers__virtualization.a(virt_ivshmem_shell.c.obj)
 .text.doorbell_notification_thread
                0x000000000010bb55       0x57 zephyr/drivers/virtualization/libdrivers__virtualization.a(virt_ivshmem_shell.c.obj)
 .text.cmd_ivshmem_shmem
                0x000000000010bbac       0x76 zephyr/drivers/virtualization/libdrivers__virtualization.a(virt_ivshmem_shell.c.obj)
 .text.z_obj_validation_check.constprop.0
                0x000000000010bc22       0x47 zephyr/drivers/virtualization/libdrivers__virtualization.a(virt_ivshmem_handlers.c.obj)
 .text.z_mrsh_ivshmem_get_mem
                0x000000000010bc69       0xec zephyr/drivers/virtualization/libdrivers__virtualization.a(virt_ivshmem_handlers.c.obj)
                0x000000000010bc69                z_mrsh_ivshmem_get_mem
 .text.z_mrsh_ivshmem_get_id
                0x000000000010bd55       0xa7 zephyr/drivers/virtualization/libdrivers__virtualization.a(virt_ivshmem_handlers.c.obj)
                0x000000000010bd55                z_mrsh_ivshmem_get_id
 .text.z_mrsh_ivshmem_get_vectors
                0x000000000010bdfc       0xa8 zephyr/drivers/virtualization/libdrivers__virtualization.a(virt_ivshmem_handlers.c.obj)
                0x000000000010bdfc                z_mrsh_ivshmem_get_vectors
 .text.z_mrsh_ivshmem_int_peer
                0x000000000010bea4       0xb9 zephyr/drivers/virtualization/libdrivers__virtualization.a(virt_ivshmem_handlers.c.obj)
                0x000000000010bea4                z_mrsh_ivshmem_int_peer
 .text.z_mrsh_ivshmem_register_handler
                0x000000000010bf5d       0xdc zephyr/drivers/virtualization/libdrivers__virtualization.a(virt_ivshmem_handlers.c.obj)
                0x000000000010bf5d                z_mrsh_ivshmem_register_handler
 .text.z_mrsh_ivshmem_get_semaphore
                0x000000000010c039       0xa7 zephyr/drivers/virtualization/libdrivers__virtualization.a(virt_ivshmem_handlers.c.obj)
                0x000000000010c039                z_mrsh_ivshmem_get_semaphore
 .text.uart_ns16550_config_get
                0x000000000010c0e0       0x23 zephyr/drivers/serial/libdrivers__serial.a(uart_ns16550.c.obj)
 .text.uart_ns16550_configure
                0x000000000010c103      0x16c zephyr/drivers/serial/libdrivers__serial.a(uart_ns16550.c.obj)
 .text.uart_ns16550_init
                0x000000000010c26f        0x9 zephyr/drivers/serial/libdrivers__serial.a(uart_ns16550.c.obj)
 .text.uart_ns16550_poll_in
                0x000000000010c278       0xe8 zephyr/drivers/serial/libdrivers__serial.a(uart_ns16550.c.obj)
 .text.uart_ns16550_poll_out
                0x000000000010c360       0xd8 zephyr/drivers/serial/libdrivers__serial.a(uart_ns16550.c.obj)
 .text.uart_ns16550_err_check
                0x000000000010c438       0xd6 zephyr/drivers/serial/libdrivers__serial.a(uart_ns16550.c.obj)
 .text.z_obj_validation_check.constprop.0
                0x000000000010c50e       0x42 zephyr/drivers/serial/libdrivers__serial.a(uart_handlers.c.obj)
 .text.z_mrsh_uart_err_check
                0x000000000010c550       0xa2 zephyr/drivers/serial/libdrivers__serial.a(uart_handlers.c.obj)
                0x000000000010c550                z_mrsh_uart_err_check
 .text.z_mrsh_uart_poll_in
                0x000000000010c5f2       0xf6 zephyr/drivers/serial/libdrivers__serial.a(uart_handlers.c.obj)
                0x000000000010c5f2                z_mrsh_uart_poll_in
 .text.z_mrsh_uart_poll_out
                0x000000000010c6e8       0xab zephyr/drivers/serial/libdrivers__serial.a(uart_handlers.c.obj)
                0x000000000010c6e8                z_mrsh_uart_poll_out
 .text.z_mrsh_uart_config_get
                0x000000000010c793       0xf8 zephyr/drivers/serial/libdrivers__serial.a(uart_handlers.c.obj)
                0x000000000010c793                z_mrsh_uart_config_get
 .text.z_mrsh_uart_configure
                0x000000000010c88b       0xf5 zephyr/drivers/serial/libdrivers__serial.a(uart_handlers.c.obj)
                0x000000000010c88b                z_mrsh_uart_configure
 .text.isr      0x000000000010c980       0xeb zephyr/drivers/timer/libdrivers__timer.a(apic_tsc.c.obj)
 .text.sys_clock_set_timeout
                0x000000000010ca6b      0x11c zephyr/drivers/timer/libdrivers__timer.a(apic_tsc.c.obj)
                0x000000000010ca6b                sys_clock_set_timeout
 .text.sys_clock_elapsed
                0x000000000010cb87       0xd1 zephyr/drivers/timer/libdrivers__timer.a(apic_tsc.c.obj)
                0x000000000010cb87                sys_clock_elapsed
 .text.sys_clock_cycle_get_32
                0x000000000010cc58        0xc zephyr/drivers/timer/libdrivers__timer.a(apic_tsc.c.obj)
                0x000000000010cc58                sys_clock_cycle_get_32
 .text.sys_clock_driver_init
                0x000000000010cc64      0x13f zephyr/drivers/timer/libdrivers__timer.a(apic_tsc.c.obj)
                0x000000000010cc64                sys_clock_driver_init
 .text.z_device_state_init
                0x000000000010cda3       0x26 zephyr/kernel/libkernel.a(device.c.obj)
                0x000000000010cda3                z_device_state_init
 .text.z_sys_init_run_level
                0x000000000010cdc9       0x67 zephyr/kernel/libkernel.a(device.c.obj)
                0x000000000010cdc9                z_sys_init_run_level
 .text.z_device_get_all_static
                0x000000000010ce30       0x25 zephyr/kernel/libkernel.a(device.c.obj)
                0x000000000010ce30                z_device_get_all_static
 .text.z_device_ready
                0x000000000010ce55       0x19 zephyr/kernel/libkernel.a(device.c.obj)
                0x000000000010ce55                z_device_ready
 .text.z_impl_device_get_binding
                0x000000000010ce6e       0x79 zephyr/kernel/libkernel.a(device.c.obj)
                0x000000000010ce6e                z_impl_device_get_binding
 .text.z_mrsh_device_get_binding
                0x000000000010cee7       0x52 zephyr/kernel/libkernel.a(device.c.obj)
                0x000000000010cee7                z_mrsh_device_get_binding
 .text.z_mrsh_device_usable_check
                0x000000000010cf39       0x9f zephyr/kernel/libkernel.a(device.c.obj)
                0x000000000010cf39                z_mrsh_device_usable_check
 .text.device_required_foreach
                0x000000000010cfd8       0xaa zephyr/kernel/libkernel.a(device.c.obj)
                0x000000000010cfd8                device_required_foreach
 .text.z_impl_z_errno
                0x000000000010d082        0xf zephyr/kernel/libkernel.a(errno.c.obj)
                0x000000000010d082                z_impl_z_errno
 .text.z_mrsh_z_errno
                0x000000000010d091       0x1a zephyr/kernel/libkernel.a(errno.c.obj)
                0x000000000010d091                z_mrsh_z_errno
 .text.arch_system_halt
                0x000000000010d0ab        0x5 zephyr/kernel/libkernel.a(fatal.c.obj)
                0x000000000010d0ab                arch_system_halt
 .text.k_sys_fatal_error_handler
                0x000000000010d0b0       0x23 zephyr/kernel/libkernel.a(fatal.c.obj)
                0x000000000010d0b0                k_sys_fatal_error_handler
 .text.z_fatal_error
                0x000000000010d0d3       0x9e zephyr/kernel/libkernel.a(fatal.c.obj)
                0x000000000010d0d3                z_fatal_error
 .text.init_idle_thread
                0x000000000010d171       0x7e zephyr/kernel/libkernel.a(init.c.obj)
 .text.bg_thread_main
                0x000000000010d1ef       0x41 zephyr/kernel/libkernel.a(init.c.obj)
 .text.z_bss_zero
                0x000000000010d230       0x18 zephyr/kernel/libkernel.a(init.c.obj)
                0x000000000010d230                z_bss_zero
 .text.z_cstart
                0x000000000010d248      0x250 zephyr/kernel/libkernel.a(init.c.obj)
                0x000000000010d248                z_cstart
 .text.init_mem_slab_module
                0x000000000010d498       0xa7 zephyr/kernel/libkernel.a(mem_slab.c.obj)
 .text.z_obj_validation_check
                0x000000000010d53f       0x47 zephyr/kernel/libkernel.a(thread.c.obj)
 .text.schedule_new_thread
                0x000000000010d586       0x1b zephyr/kernel/libkernel.a(thread.c.obj)
 .text.k_is_in_isr
                0x000000000010d5a1        0xb zephyr/kernel/libkernel.a(thread.c.obj)
                0x000000000010d5a1                k_is_in_isr
 .text.z_mrsh_k_thread_custom_data_set
                0x000000000010d5ac       0x1c zephyr/kernel/libkernel.a(thread.c.obj)
                0x000000000010d5ac                z_mrsh_k_thread_custom_data_set
 .text.z_mrsh_k_thread_custom_data_get
                0x000000000010d5c8       0x1a zephyr/kernel/libkernel.a(thread.c.obj)
                0x000000000010d5c8                z_mrsh_k_thread_custom_data_get
 .text.z_impl_k_thread_name_set
                0x000000000010d5e2       0x33 zephyr/kernel/libkernel.a(thread.c.obj)
                0x000000000010d5e2                z_impl_k_thread_name_set
 .text.z_mrsh_k_thread_name_set
                0x000000000010d615       0xa9 zephyr/kernel/libkernel.a(thread.c.obj)
                0x000000000010d615                z_mrsh_k_thread_name_set
 .text.k_thread_name_get
                0x000000000010d6be        0x8 zephyr/kernel/libkernel.a(thread.c.obj)
                0x000000000010d6be                k_thread_name_get
 .text.k_thread_state_str
                0x000000000010d6c6       0x56 zephyr/kernel/libkernel.a(thread.c.obj)
                0x000000000010d6c6                k_thread_state_str
 .text.z_mrsh_k_thread_name_copy
                0x000000000010d71c       0xc6 zephyr/kernel/libkernel.a(thread.c.obj)
                0x000000000010d71c                z_mrsh_k_thread_name_copy
 .text.z_impl_k_thread_start
                0x000000000010d7e2        0x5 zephyr/kernel/libkernel.a(thread.c.obj)
                0x000000000010d7e2                z_impl_k_thread_start
 .text.z_mrsh_k_thread_start
                0x000000000010d7e7       0x81 zephyr/kernel/libkernel.a(thread.c.obj)
                0x000000000010d7e7                z_mrsh_k_thread_start
 .text.z_stack_is_user_capable
                0x000000000010d868       0x11 zephyr/kernel/libkernel.a(thread.c.obj)
                0x000000000010d868                z_stack_is_user_capable
 .text.z_spin_lock_valid
                0x000000000010d879       0x20 zephyr/kernel/libkernel.a(thread.c.obj)
                0x000000000010d879                z_spin_lock_valid
 .text.z_spin_unlock_valid
                0x000000000010d899       0x24 zephyr/kernel/libkernel.a(thread.c.obj)
                0x000000000010d899                z_spin_unlock_valid
 .text.z_spin_lock_set_owner
                0x000000000010d8bd       0x12 zephyr/kernel/libkernel.a(thread.c.obj)
                0x000000000010d8bd                z_spin_lock_set_owner
 .text.k_thread_foreach
                0x000000000010d8cf      0x117 zephyr/kernel/libkernel.a(thread.c.obj)
                0x000000000010d8cf                k_thread_foreach
 .text.z_thread_monitor_exit
                0x000000000010d9e6       0xf3 zephyr/kernel/libkernel.a(thread.c.obj)
                0x000000000010d9e6                z_thread_monitor_exit
 .text.z_setup_new_thread
                0x000000000010dad9      0x39c zephyr/kernel/libkernel.a(thread.c.obj)
                0x000000000010dad9                z_setup_new_thread
 .text.z_impl_k_thread_create
                0x000000000010de75       0xb1 zephyr/kernel/libkernel.a(thread.c.obj)
                0x000000000010de75                z_impl_k_thread_create
 .text.z_vrfy_k_thread_create
                0x000000000010df26      0x1b8 zephyr/kernel/libkernel.a(thread.c.obj)
                0x000000000010df26                z_vrfy_k_thread_create
 .text.z_mrsh_k_thread_create
                0x000000000010e0de       0xd5 zephyr/kernel/libkernel.a(thread.c.obj)
                0x000000000010e0de                z_mrsh_k_thread_create
 .text.z_init_static_threads
                0x000000000010e1b3      0x18c zephyr/kernel/libkernel.a(thread.c.obj)
                0x000000000010e1b3                z_init_static_threads
 .text.z_mrsh_k_float_disable
                0x000000000010e33f       0x7e zephyr/kernel/libkernel.a(thread.c.obj)
                0x000000000010e33f                z_mrsh_k_float_disable
 .text.z_impl_k_thread_stack_space_get
                0x000000000010e3bd       0x26 zephyr/kernel/libkernel.a(thread.c.obj)
                0x000000000010e3bd                z_impl_k_thread_stack_space_get
 .text.z_vrfy_k_thread_stack_space_get
                0x000000000010e3e3       0x73 zephyr/kernel/libkernel.a(thread.c.obj)
                0x000000000010e3e3                z_vrfy_k_thread_stack_space_get
 .text.z_mrsh_k_thread_stack_space_get
                0x000000000010e456       0x31 zephyr/kernel/libkernel.a(thread.c.obj)
                0x000000000010e456                z_mrsh_k_thread_stack_space_get
 .text.z_mrsh_k_thread_timeout_remaining_ticks
                0x000000000010e487       0x7e zephyr/kernel/libkernel.a(thread.c.obj)
                0x000000000010e487                z_mrsh_k_thread_timeout_remaining_ticks
 .text.z_mrsh_k_thread_timeout_expires_ticks
                0x000000000010e505       0x7e zephyr/kernel/libkernel.a(thread.c.obj)
                0x000000000010e505                z_mrsh_k_thread_timeout_expires_ticks
 .text.z_thread_mark_switched_in
                0x000000000010e583       0x1d zephyr/kernel/libkernel.a(thread.c.obj)
                0x000000000010e583                z_thread_mark_switched_in
 .text.z_thread_mark_switched_out
                0x000000000010e5a0       0x44 zephyr/kernel/libkernel.a(thread.c.obj)
                0x000000000010e5a0                z_thread_mark_switched_out
 .text.k_thread_runtime_stats_get
                0x000000000010e5e4       0x2f zephyr/kernel/libkernel.a(thread.c.obj)
                0x000000000010e5e4                k_thread_runtime_stats_get
 .text.k_thread_runtime_stats_all_get
                0x000000000010e613       0x22 zephyr/kernel/libkernel.a(thread.c.obj)
                0x000000000010e613                k_thread_runtime_stats_all_get
 .text.sys_kernel_version_get
                0x000000000010e635        0x6 zephyr/kernel/libkernel.a(version.c.obj)
                0x000000000010e635                sys_kernel_version_get
 .text.idle     0x000000000010e63b       0x45 zephyr/kernel/libkernel.a(idle.c.obj)
                0x000000000010e63b                idle
 .text.z_obj_validation_check.constprop.0
                0x000000000010e680       0x40 zephyr/kernel/libkernel.a(msg_q.c.obj)
 .text.k_msgq_init
                0x000000000010e6c0       0x4b zephyr/kernel/libkernel.a(msg_q.c.obj)
                0x000000000010e6c0                k_msgq_init
 .text.z_impl_k_msgq_alloc_init
                0x000000000010e70b       0x5b zephyr/kernel/libkernel.a(msg_q.c.obj)
                0x000000000010e70b                z_impl_k_msgq_alloc_init
 .text.z_vrfy_k_msgq_alloc_init
                0x000000000010e766       0x6a zephyr/kernel/libkernel.a(msg_q.c.obj)
                0x000000000010e766                z_vrfy_k_msgq_alloc_init
 .text.z_mrsh_k_msgq_alloc_init
                0x000000000010e7d0       0x31 zephyr/kernel/libkernel.a(msg_q.c.obj)
                0x000000000010e7d0                z_mrsh_k_msgq_alloc_init
 .text.k_msgq_cleanup
                0x000000000010e801       0x3b zephyr/kernel/libkernel.a(msg_q.c.obj)
                0x000000000010e801                k_msgq_cleanup
 .text.z_impl_k_msgq_put
                0x000000000010e83c      0x1de zephyr/kernel/libkernel.a(msg_q.c.obj)
                0x000000000010e83c                z_impl_k_msgq_put
 .text.z_mrsh_k_msgq_put
                0x000000000010ea1a       0xd3 zephyr/kernel/libkernel.a(msg_q.c.obj)
                0x000000000010ea1a                z_mrsh_k_msgq_put
 .text.z_mrsh_k_msgq_get_attrs
                0x000000000010eaed       0xcc zephyr/kernel/libkernel.a(msg_q.c.obj)
                0x000000000010eaed                z_mrsh_k_msgq_get_attrs
 .text.z_impl_k_msgq_get
                0x000000000010ebb9      0x1fe zephyr/kernel/libkernel.a(msg_q.c.obj)
                0x000000000010ebb9                z_impl_k_msgq_get
 .text.z_mrsh_k_msgq_get
                0x000000000010edb7       0xd6 zephyr/kernel/libkernel.a(msg_q.c.obj)
                0x000000000010edb7                z_mrsh_k_msgq_get
 .text.z_impl_k_msgq_peek
                0x000000000010ee8d       0xe0 zephyr/kernel/libkernel.a(msg_q.c.obj)
                0x000000000010ee8d                z_impl_k_msgq_peek
 .text.z_mrsh_k_msgq_peek
                0x000000000010ef6d       0xc0 zephyr/kernel/libkernel.a(msg_q.c.obj)
                0x000000000010ef6d                z_mrsh_k_msgq_peek
 .text.z_impl_k_msgq_purge
                0x000000000010f02d       0xa2 zephyr/kernel/libkernel.a(msg_q.c.obj)
                0x000000000010f02d                z_impl_k_msgq_purge
 .text.z_mrsh_k_msgq_purge
                0x000000000010f0cf       0x7c zephyr/kernel/libkernel.a(msg_q.c.obj)
                0x000000000010f0cf                z_mrsh_k_msgq_purge
 .text.z_mrsh_k_msgq_num_free_get
                0x000000000010f14b       0x76 zephyr/kernel/libkernel.a(msg_q.c.obj)
                0x000000000010f14b                z_mrsh_k_msgq_num_free_get
 .text.z_mrsh_k_msgq_num_used_get
                0x000000000010f1c1       0x73 zephyr/kernel/libkernel.a(msg_q.c.obj)
                0x000000000010f1c1                z_mrsh_k_msgq_num_used_get
 .text.z_obj_validation_check.constprop.0
                0x000000000010f234       0x40 zephyr/kernel/libkernel.a(mutex.c.obj)
 .text.adjust_owner_prio.isra.0
                0x000000000010f274       0x10 zephyr/kernel/libkernel.a(mutex.c.obj)
 .text.z_impl_k_mutex_init
                0x000000000010f284       0x23 zephyr/kernel/libkernel.a(mutex.c.obj)
                0x000000000010f284                z_impl_k_mutex_init
 .text.z_mrsh_k_mutex_init
                0x000000000010f2a7       0x7f zephyr/kernel/libkernel.a(mutex.c.obj)
                0x000000000010f2a7                z_mrsh_k_mutex_init
 .text.z_impl_k_mutex_lock
                0x000000000010f326      0x2c4 zephyr/kernel/libkernel.a(mutex.c.obj)
                0x000000000010f326                z_impl_k_mutex_lock
 .text.z_mrsh_k_mutex_lock
                0x000000000010f5ea       0x8e zephyr/kernel/libkernel.a(mutex.c.obj)
                0x000000000010f5ea                z_mrsh_k_mutex_lock
 .text.z_impl_k_mutex_unlock
                0x000000000010f678      0x235 zephyr/kernel/libkernel.a(mutex.c.obj)
                0x000000000010f678                z_impl_k_mutex_unlock
 .text.z_mrsh_k_mutex_unlock
                0x000000000010f8ad       0x7c zephyr/kernel/libkernel.a(mutex.c.obj)
                0x000000000010f8ad                z_mrsh_k_mutex_unlock
 .text.z_obj_validation_check.constprop.0
                0x000000000010f929       0x40 zephyr/kernel/libkernel.a(queue.c.obj)
 .text.queue_insert
                0x000000000010f969      0x1b8 zephyr/kernel/libkernel.a(queue.c.obj)
 .text.z_queue_node_peek
                0x000000000010fb21       0x29 zephyr/kernel/libkernel.a(queue.c.obj)
                0x000000000010fb21                z_queue_node_peek
 .text.z_impl_k_queue_init
                0x000000000010fb4a       0x34 zephyr/kernel/libkernel.a(queue.c.obj)
                0x000000000010fb4a                z_impl_k_queue_init
 .text.z_mrsh_k_queue_init
                0x000000000010fb7e       0x7d zephyr/kernel/libkernel.a(queue.c.obj)
                0x000000000010fb7e                z_mrsh_k_queue_init
 .text.z_impl_k_queue_cancel_wait
                0x000000000010fbfb       0xa8 zephyr/kernel/libkernel.a(queue.c.obj)
                0x000000000010fbfb                z_impl_k_queue_cancel_wait
 .text.z_mrsh_k_queue_cancel_wait
                0x000000000010fca3       0x7c zephyr/kernel/libkernel.a(queue.c.obj)
                0x000000000010fca3                z_mrsh_k_queue_cancel_wait
 .text.z_impl_k_queue_alloc_append
                0x000000000010fd1f       0x15 zephyr/kernel/libkernel.a(queue.c.obj)
                0x000000000010fd1f                z_impl_k_queue_alloc_append
 .text.z_mrsh_k_queue_alloc_append
                0x000000000010fd34       0x84 zephyr/kernel/libkernel.a(queue.c.obj)
                0x000000000010fd34                z_mrsh_k_queue_alloc_append
 .text.z_impl_k_queue_alloc_prepend
                0x000000000010fdb8       0x12 zephyr/kernel/libkernel.a(queue.c.obj)
                0x000000000010fdb8                z_impl_k_queue_alloc_prepend
 .text.z_mrsh_k_queue_alloc_prepend
                0x000000000010fdca       0x84 zephyr/kernel/libkernel.a(queue.c.obj)
                0x000000000010fdca                z_mrsh_k_queue_alloc_prepend
 .text.z_impl_k_queue_get
                0x000000000010fe4e      0x118 zephyr/kernel/libkernel.a(queue.c.obj)
                0x000000000010fe4e                z_impl_k_queue_get
 .text.z_impl_k_queue_peek_head
                0x000000000010ff66        0xa zephyr/kernel/libkernel.a(queue.c.obj)
                0x000000000010ff66                z_impl_k_queue_peek_head
 .text.z_impl_k_queue_peek_tail
                0x000000000010ff70        0xb zephyr/kernel/libkernel.a(queue.c.obj)
                0x000000000010ff70                z_impl_k_queue_peek_tail
 .text.z_mrsh_k_queue_get
                0x000000000010ff7b       0x8c zephyr/kernel/libkernel.a(queue.c.obj)
                0x000000000010ff7b                z_mrsh_k_queue_get
 .text.z_mrsh_k_queue_is_empty
                0x0000000000110007       0x7a zephyr/kernel/libkernel.a(queue.c.obj)
                0x0000000000110007                z_mrsh_k_queue_is_empty
 .text.z_mrsh_k_queue_peek_head
                0x0000000000110081       0x7a zephyr/kernel/libkernel.a(queue.c.obj)
                0x0000000000110081                z_mrsh_k_queue_peek_head
 .text.z_mrsh_k_queue_peek_tail
                0x00000000001100fb       0x7a zephyr/kernel/libkernel.a(queue.c.obj)
                0x00000000001100fb                z_mrsh_k_queue_peek_tail
 .text.z_obj_validation_check.constprop.0
                0x0000000000110175       0x40 zephyr/kernel/libkernel.a(sem.c.obj)
 .text.z_impl_k_sem_init
                0x00000000001101b5       0x34 zephyr/kernel/libkernel.a(sem.c.obj)
                0x00000000001101b5                z_impl_k_sem_init
 .text.z_vrfy_k_sem_init
                0x00000000001101e9       0x6c zephyr/kernel/libkernel.a(sem.c.obj)
                0x00000000001101e9                z_vrfy_k_sem_init
 .text.z_mrsh_k_sem_init
                0x0000000000110255       0x31 zephyr/kernel/libkernel.a(sem.c.obj)
                0x0000000000110255                z_mrsh_k_sem_init
 .text.z_impl_k_sem_give
                0x0000000000110286       0xaf zephyr/kernel/libkernel.a(sem.c.obj)
                0x0000000000110286                z_impl_k_sem_give
 .text.z_mrsh_k_sem_give
                0x0000000000110335       0x7c zephyr/kernel/libkernel.a(sem.c.obj)
                0x0000000000110335                z_mrsh_k_sem_give
 .text.z_impl_k_sem_take
                0x00000000001103b1      0x180 zephyr/kernel/libkernel.a(sem.c.obj)
                0x00000000001103b1                z_impl_k_sem_take
 .text.z_impl_k_sem_reset
                0x0000000000110531       0xa6 zephyr/kernel/libkernel.a(sem.c.obj)
                0x0000000000110531                z_impl_k_sem_reset
 .text.z_mrsh_k_sem_take
                0x00000000001105d7       0x8e zephyr/kernel/libkernel.a(sem.c.obj)
                0x00000000001105d7                z_mrsh_k_sem_take
 .text.z_mrsh_k_sem_reset
                0x0000000000110665       0x7c zephyr/kernel/libkernel.a(sem.c.obj)
                0x0000000000110665                z_mrsh_k_sem_reset
 .text.z_mrsh_k_sem_count_get
                0x00000000001106e1       0x73 zephyr/kernel/libkernel.a(sem.c.obj)
                0x00000000001106e1                z_mrsh_k_sem_count_get
 .text.thread_obj_validate
                0x0000000000110754       0x47 zephyr/kernel/libkernel.a(sched.c.obj)
 .text.z_obj_validation_check.constprop.0
                0x000000000011079b       0x42 zephyr/kernel/libkernel.a(sched.c.obj)
 .text.z_sched_prio_cmp
                0x00000000001107dd       0x13 zephyr/kernel/libkernel.a(sched.c.obj)
                0x00000000001107dd                z_sched_prio_cmp
 .text.z_reset_time_slice
                0x00000000001107f0       0x29 zephyr/kernel/libkernel.a(sched.c.obj)
                0x00000000001107f0                z_reset_time_slice
 .text.z_swap_irqlock
                0x0000000000110819      0x1a6 zephyr/kernel/libkernel.a(sched.c.obj)
 .text.z_swap   0x00000000001109bf      0x200 zephyr/kernel/libkernel.a(sched.c.obj)
 .text.k_sched_time_slice_set
                0x0000000000110bbf       0xe9 zephyr/kernel/libkernel.a(sched.c.obj)
                0x0000000000110bbf                k_sched_time_slice_set
 .text.z_unpend_thread_no_timeout
                0x0000000000110ca8       0xb9 zephyr/kernel/libkernel.a(sched.c.obj)
                0x0000000000110ca8                z_unpend_thread_no_timeout
 .text.z_reschedule
                0x0000000000110d61       0x86 zephyr/kernel/libkernel.a(sched.c.obj)
                0x0000000000110d61                z_reschedule
 .text.z_reschedule_irqlock
                0x0000000000110de7       0x16 zephyr/kernel/libkernel.a(sched.c.obj)
                0x0000000000110de7                z_reschedule_irqlock
 .text.z_reschedule_unlocked
                0x0000000000110dfd        0x8 zephyr/kernel/libkernel.a(sched.c.obj)
 .text.k_sched_lock
                0x0000000000110e05      0x138 zephyr/kernel/libkernel.a(sched.c.obj)
                0x0000000000110e05                k_sched_lock
 .text.z_swap_next_thread
                0x0000000000110f3d        0x8 zephyr/kernel/libkernel.a(sched.c.obj)
                0x0000000000110f3d                z_swap_next_thread
 .text.z_get_next_switch_handle
                0x0000000000110f45       0x32 zephyr/kernel/libkernel.a(sched.c.obj)
                0x0000000000110f45                z_get_next_switch_handle
 .text.z_priq_dumb_remove
                0x0000000000110f77       0x5d zephyr/kernel/libkernel.a(sched.c.obj)
                0x0000000000110f77                z_priq_dumb_remove
 .text.unpend_thread_no_timeout
                0x0000000000110fd4       0x56 zephyr/kernel/libkernel.a(sched.c.obj)
 .text.z_unpend_thread
                0x000000000011102a       0xc3 zephyr/kernel/libkernel.a(sched.c.obj)
                0x000000000011102a                z_unpend_thread
 .text.z_priq_dumb_best
                0x00000000001110ed       0x10 zephyr/kernel/libkernel.a(sched.c.obj)
                0x00000000001110ed                z_priq_dumb_best
 .text.update_cache
                0x00000000001110fd       0x9b zephyr/kernel/libkernel.a(sched.c.obj)
 .text.move_thread_to_end_of_prio_q
                0x0000000000111198       0xd2 zephyr/kernel/libkernel.a(sched.c.obj)
 .text.z_time_slice
                0x000000000011126a      0x10e zephyr/kernel/libkernel.a(sched.c.obj)
                0x000000000011126a                z_time_slice
 .text.ready_thread
                0x0000000000111378       0xd2 zephyr/kernel/libkernel.a(sched.c.obj)
 .text.z_ready_thread
                0x000000000011144a       0xb9 zephyr/kernel/libkernel.a(sched.c.obj)
                0x000000000011144a                z_ready_thread
 .text.z_sched_start
                0x0000000000111503       0xdc zephyr/kernel/libkernel.a(sched.c.obj)
                0x0000000000111503                z_sched_start
 .text.z_impl_k_thread_resume
                0x00000000001115df       0xdc zephyr/kernel/libkernel.a(sched.c.obj)
                0x00000000001115df                z_impl_k_thread_resume
 .text.z_mrsh_k_thread_resume
                0x00000000001116bb       0x7a zephyr/kernel/libkernel.a(sched.c.obj)
                0x00000000001116bb                z_mrsh_k_thread_resume
 .text.z_thread_timeout
                0x0000000000111735       0xde zephyr/kernel/libkernel.a(sched.c.obj)
                0x0000000000111735                z_thread_timeout
 .text.unready_thread
                0x0000000000111813       0x38 zephyr/kernel/libkernel.a(sched.c.obj)
 .text.add_to_waitq_locked
                0x000000000011184b       0xb2 zephyr/kernel/libkernel.a(sched.c.obj)
 .text.pend     0x00000000001118fd       0xeb zephyr/kernel/libkernel.a(sched.c.obj)
 .text.z_pend_curr
                0x00000000001119e8       0x30 zephyr/kernel/libkernel.a(sched.c.obj)
                0x00000000001119e8                z_pend_curr
 .text.z_set_prio
                0x0000000000111a18      0x19c zephyr/kernel/libkernel.a(sched.c.obj)
                0x0000000000111a18                z_set_prio
 .text.z_thread_priority_set
                0x0000000000111bb4       0x22 zephyr/kernel/libkernel.a(sched.c.obj)
                0x0000000000111bb4                z_thread_priority_set
 .text.z_impl_k_thread_suspend
                0x0000000000111bd6       0xfe zephyr/kernel/libkernel.a(sched.c.obj)
                0x0000000000111bd6                z_impl_k_thread_suspend
 .text.z_mrsh_k_thread_suspend
                0x0000000000111cd4       0x7a zephyr/kernel/libkernel.a(sched.c.obj)
                0x0000000000111cd4                z_mrsh_k_thread_suspend
 .text.k_sched_unlock
                0x0000000000111d4e      0x143 zephyr/kernel/libkernel.a(sched.c.obj)
                0x0000000000111d4e                k_sched_unlock
 .text.z_unpend1_no_timeout
                0x0000000000111e91       0xcc zephyr/kernel/libkernel.a(sched.c.obj)
                0x0000000000111e91                z_unpend1_no_timeout
 .text.z_unpend_first_thread
                0x0000000000111f5d       0xd6 zephyr/kernel/libkernel.a(sched.c.obj)
                0x0000000000111f5d                z_unpend_first_thread
 .text.z_unpend_all
                0x0000000000112033       0x35 zephyr/kernel/libkernel.a(sched.c.obj)
                0x0000000000112033                z_unpend_all
 .text.z_sched_init
                0x0000000000112068       0x1f zephyr/kernel/libkernel.a(sched.c.obj)
                0x0000000000112068                z_sched_init
 .text.z_mrsh_k_thread_priority_get
                0x0000000000112087       0x73 zephyr/kernel/libkernel.a(sched.c.obj)
                0x0000000000112087                z_mrsh_k_thread_priority_get
 .text.z_impl_k_thread_priority_set
                0x00000000001120fa       0xa8 zephyr/kernel/libkernel.a(sched.c.obj)
                0x00000000001120fa                z_impl_k_thread_priority_set
 .text.z_mrsh_k_thread_priority_set
                0x00000000001121a2       0xcd zephyr/kernel/libkernel.a(sched.c.obj)
                0x00000000001121a2                z_mrsh_k_thread_priority_set
 .text.z_impl_k_yield
                0x000000000011226f      0x16c zephyr/kernel/libkernel.a(sched.c.obj)
                0x000000000011226f                z_impl_k_yield
 .text.z_tick_sleep
                0x00000000001123db      0x175 zephyr/kernel/libkernel.a(sched.c.obj)
 .text.z_mrsh_k_yield
                0x0000000000112550       0x31 zephyr/kernel/libkernel.a(sched.c.obj)
                0x0000000000112550                z_mrsh_k_yield
 .text.z_impl_k_sleep
                0x0000000000112581       0x79 zephyr/kernel/libkernel.a(sched.c.obj)
                0x0000000000112581                z_impl_k_sleep
 .text.z_mrsh_k_sleep
                0x00000000001125fa       0x39 zephyr/kernel/libkernel.a(sched.c.obj)
                0x00000000001125fa                z_mrsh_k_sleep
 .text.z_impl_k_usleep
                0x0000000000112633       0x25 zephyr/kernel/libkernel.a(sched.c.obj)
                0x0000000000112633                z_impl_k_usleep
 .text.z_mrsh_k_usleep
                0x0000000000112658       0x31 zephyr/kernel/libkernel.a(sched.c.obj)
                0x0000000000112658                z_mrsh_k_usleep
 .text.z_impl_k_wakeup
                0x0000000000112689       0x4b zephyr/kernel/libkernel.a(sched.c.obj)
                0x0000000000112689                z_impl_k_wakeup
 .text.z_mrsh_k_wakeup
                0x00000000001126d4       0x7a zephyr/kernel/libkernel.a(sched.c.obj)
                0x00000000001126d4                z_mrsh_k_wakeup
 .text.z_impl_z_current_get
                0x000000000011274e        0x8 zephyr/kernel/libkernel.a(sched.c.obj)
                0x000000000011274e                z_impl_z_current_get
 .text.z_mrsh_z_current_get
                0x0000000000112756       0x13 zephyr/kernel/libkernel.a(sched.c.obj)
                0x0000000000112756                z_mrsh_z_current_get
 .text.z_impl_k_is_preempt_thread
                0x0000000000112769       0x1e zephyr/kernel/libkernel.a(sched.c.obj)
                0x0000000000112769                z_impl_k_is_preempt_thread
 .text.z_mrsh_k_is_preempt_thread
                0x0000000000112787       0x2a zephyr/kernel/libkernel.a(sched.c.obj)
                0x0000000000112787                z_mrsh_k_is_preempt_thread
 .text.z_thread_abort
                0x00000000001127b1      0x1cc zephyr/kernel/libkernel.a(sched.c.obj)
                0x00000000001127b1                z_thread_abort
 .text.z_impl_k_thread_abort
                0x000000000011297d        0x5 zephyr/kernel/libkernel.a(sched.c.obj)
                0x000000000011297d                z_impl_k_thread_abort
 .text.z_impl_k_thread_join
                0x0000000000112982      0x18a zephyr/kernel/libkernel.a(sched.c.obj)
                0x0000000000112982                z_impl_k_thread_join
 .text.z_mrsh_k_thread_join
                0x0000000000112b0c       0x5e zephyr/kernel/libkernel.a(sched.c.obj)
                0x0000000000112b0c                z_mrsh_k_thread_join
 .text.z_mrsh_k_thread_abort
                0x0000000000112b6a       0x78 zephyr/kernel/libkernel.a(sched.c.obj)
                0x0000000000112b6a                z_mrsh_k_thread_abort
 .text.z_sched_wake
                0x0000000000112be2      0x105 zephyr/kernel/libkernel.a(sched.c.obj)
                0x0000000000112be2                z_sched_wake
 .text.z_sched_wait
                0x0000000000112ce7       0x26 zephyr/kernel/libkernel.a(sched.c.obj)
                0x0000000000112ce7                z_sched_wait
 .text.elapsed  0x0000000000112d0d       0x11 zephyr/kernel/libkernel.a(timeout.c.obj)
 .text.next_timeout
                0x0000000000112d1e       0x5d zephyr/kernel/libkernel.a(timeout.c.obj)
 .text.remove_timeout
                0x0000000000112d7b       0x39 zephyr/kernel/libkernel.a(timeout.c.obj)
 .text.timeout_rem
                0x0000000000112db4       0x51 zephyr/kernel/libkernel.a(timeout.c.obj)
 .text.z_add_timeout
                0x0000000000112e05      0x1d5 zephyr/kernel/libkernel.a(timeout.c.obj)
                0x0000000000112e05                z_add_timeout
 .text.z_abort_timeout
                0x0000000000112fda       0xd2 zephyr/kernel/libkernel.a(timeout.c.obj)
                0x0000000000112fda                z_abort_timeout
 .text.z_timeout_remaining
                0x00000000001130ac       0xbf zephyr/kernel/libkernel.a(timeout.c.obj)
                0x00000000001130ac                z_timeout_remaining
 .text.z_timeout_expires
                0x000000000011316b       0xc6 zephyr/kernel/libkernel.a(timeout.c.obj)
                0x000000000011316b                z_timeout_expires
 .text.z_set_timeout_expiry
                0x0000000000113231       0xe6 zephyr/kernel/libkernel.a(timeout.c.obj)
                0x0000000000113231                z_set_timeout_expiry
 .text.sys_clock_announce
                0x0000000000113317      0x1f5 zephyr/kernel/libkernel.a(timeout.c.obj)
                0x0000000000113317                sys_clock_announce
 .text.sys_clock_tick_get
                0x000000000011350c       0xc0 zephyr/kernel/libkernel.a(timeout.c.obj)
                0x000000000011350c                sys_clock_tick_get
 .text.sys_clock_tick_get_32
                0x00000000001135cc        0xb zephyr/kernel/libkernel.a(timeout.c.obj)
                0x00000000001135cc                sys_clock_tick_get_32
 .text.z_impl_k_uptime_ticks
                0x00000000001135d7        0x5 zephyr/kernel/libkernel.a(timeout.c.obj)
                0x00000000001135d7                z_impl_k_uptime_ticks
 .text.z_mrsh_k_uptime_ticks
                0x00000000001135dc       0x2f zephyr/kernel/libkernel.a(timeout.c.obj)
                0x00000000001135dc                z_mrsh_k_uptime_ticks
 .text.z_impl_k_busy_wait
                0x000000000011360b       0x3d zephyr/kernel/libkernel.a(timeout.c.obj)
                0x000000000011360b                z_impl_k_busy_wait
 .text.z_mrsh_k_busy_wait
                0x0000000000113648       0x31 zephyr/kernel/libkernel.a(timeout.c.obj)
                0x0000000000113648                z_mrsh_k_busy_wait
 .text.sys_clock_timeout_end_calc
                0x0000000000113679       0x47 zephyr/kernel/libkernel.a(timeout.c.obj)
                0x0000000000113679                sys_clock_timeout_end_calc
 .text.z_timer_expiration_handler
                0x00000000001136c0      0x211 zephyr/kernel/libkernel.a(timer.c.obj)
                0x00000000001136c0                z_timer_expiration_handler
 .text.z_obj_validation_check.constprop.0